[2026-04-18 13:03:04,547] INFO [Controller id=0] Processing automatic preferred replica leader election (kafka.controller.KafkaController)
[2026-04-18 13:03:04,560] TRACE [Controller id=0] Checking need to trigger auto leader balancing (kafka.controller.KafkaController)
[2026-04-18 13:03:04,566] DEBUG [Controller id=0] Topics not in preferred replica for broker 0 Map() (kafka.controller.KafkaController)
[2026-04-18 13:03:04,567] TRACE [Controller id=0] Leader imbalance ratio for broker 0 is 0.0 (kafka.controller.KafkaController)
[2026-04-18 13:08:20,754] INFO [Controller id=0] Processing automatic preferred replica leader election (kafka.controller.KafkaController)
[2026-04-18 13:08:20,763] TRACE [Controller id=0] Checking need to trigger auto leader balancing (kafka.controller.KafkaController)
[2026-04-18 13:08:20,766] DEBUG [Controller id=0] Topics not in preferred replica for broker 0 Map() (kafka.controller.KafkaController)
[2026-04-18 13:08:20,767] TRACE [Controller id=0] Leader imbalance ratio for broker 0 is 0.0 (kafka.controller.KafkaController)
[2026-04-18 13:11:38,524] INFO [Controller id=0] Shutting down broker 0 (kafka.controller.KafkaController)
[2026-04-18 13:11:38,527] DEBUG [Controller id=0] All shutting down brokers: 0 (kafka.controller.KafkaController)
[2026-04-18 13:11:38,529] DEBUG [Controller id=0] Live brokers:  (kafka.controller.KafkaController)
[2026-04-18 13:11:38,543] TRACE [Controller id=0] All leaders = bank_topic-0 -> (Leader:0,ISR:0,LeaderRecoveryState:RECOVERED,LeaderEpoch:0,ZkVersion:0,ControllerEpoch:1) (kafka.controller.KafkaController)
[2026-04-18 13:11:40,374] INFO [ControllerEventThread controllerId=0] Shutting down (kafka.controller.ControllerEventManager$ControllerEventThread)
[2026-04-18 13:11:40,375] INFO [ControllerEventThread controllerId=0] Shutdown completed (kafka.controller.ControllerEventManager$ControllerEventThread)
[2026-04-18 13:11:40,375] INFO [ControllerEventThread controllerId=0] Stopped (kafka.controller.ControllerEventManager$ControllerEventThread)
[2026-04-18 13:11:40,377] DEBUG [Controller id=0] Resigning (kafka.controller.KafkaController)
[2026-04-18 13:11:40,378] DEBUG [Controller id=0] Unregister BrokerModifications handler for Set(0) (kafka.controller.KafkaController)
[2026-04-18 13:11:40,381] INFO [PartitionStateMachine controllerId=0] Stopped partition state machine (kafka.controller.ZkPartitionStateMachine)
[2026-04-18 13:11:40,383] INFO [ReplicaStateMachine controllerId=0] Stopped replica state machine (kafka.controller.ZkReplicaStateMachine)
[2026-04-18 13:11:40,385] INFO [RequestSendThread controllerId=0] Shutting down (kafka.controller.RequestSendThread)
[2026-04-18 13:11:40,386] INFO [RequestSendThread controllerId=0] Shutdown completed (kafka.controller.RequestSendThread)
[2026-04-18 13:11:40,386] INFO [RequestSendThread controllerId=0] Stopped (kafka.controller.RequestSendThread)
[2026-04-18 13:11:40,391] INFO [Controller id=0] Resigned (kafka.controller.KafkaController)
[2026-04-18 13:12:45,593] INFO [ControllerEventThread controllerId=0] Starting (kafka.controller.ControllerEventManager$ControllerEventThread)
[2026-04-18 13:12:45,626] INFO [Controller id=0] 0 successfully elected as the controller. Epoch incremented to 2 and epoch zk version is now 2 (kafka.controller.KafkaController)
[2026-04-18 13:12:45,630] INFO [Controller id=0] Registering handlers (kafka.controller.KafkaController)
[2026-04-18 13:12:45,638] INFO [Controller id=0] Deleting log dir event notifications (kafka.controller.KafkaController)
[2026-04-18 13:12:45,642] INFO [Controller id=0] Deleting isr change notifications (kafka.controller.KafkaController)
[2026-04-18 13:12:45,645] INFO [Controller id=0] Initializing controller context (kafka.controller.KafkaController)
[2026-04-18 13:12:45,666] INFO [Controller id=0] Initialized broker epochs cache: HashMap(0 -> 52) (kafka.controller.KafkaController)
[2026-04-18 13:12:45,685] DEBUG [Controller id=0] Register BrokerModifications handler for Set(0) (kafka.controller.KafkaController)
[2026-04-18 13:12:45,713] DEBUG [Channel manager on controller 0]: Controller 0 trying to connect to broker 0 (kafka.controller.ControllerChannelManager)
[2026-04-18 13:12:45,725] INFO [RequestSendThread controllerId=0] Starting (kafka.controller.RequestSendThread)
[2026-04-18 13:12:45,729] INFO [Controller id=0] Currently active brokers in the cluster: Set(0) (kafka.controller.KafkaController)
[2026-04-18 13:12:45,729] INFO [Controller id=0] Currently shutting brokers in the cluster: HashSet() (kafka.controller.KafkaController)
[2026-04-18 13:12:45,730] INFO [Controller id=0] Current list of topics in the cluster: HashSet(bank_topic) (kafka.controller.KafkaController)
[2026-04-18 13:12:45,730] INFO [Controller id=0] Fetching topic deletions in progress (kafka.controller.KafkaController)
[2026-04-18 13:12:45,737] INFO [Controller id=0] List of topics to be deleted:  (kafka.controller.KafkaController)
[2026-04-18 13:12:45,738] INFO [Controller id=0] List of topics ineligible for deletion:  (kafka.controller.KafkaController)
[2026-04-18 13:12:45,738] INFO [Controller id=0] Initializing topic deletion manager (kafka.controller.KafkaController)
[2026-04-18 13:12:45,739] INFO [Topic Deletion Manager 0] Initializing manager with initial deletions: Set(), initial ineligible deletions: HashSet() (kafka.controller.TopicDeletionManager)
[2026-04-18 13:12:45,740] INFO [Controller id=0] Sending update metadata request (kafka.controller.KafkaController)
[2026-04-18 13:12:45,755] INFO [ReplicaStateMachine controllerId=0] Initializing replica state (kafka.controller.ZkReplicaStateMachine)
[2026-04-18 13:12:45,760] INFO [ReplicaStateMachine controllerId=0] Triggering online replica state changes (kafka.controller.ZkReplicaStateMachine)
[2026-04-18 13:12:45,768] WARN [RequestSendThread controllerId=0] Controller 0's connection to broker MSI.localdomain:9092 (id: 0 rack: null) was unsuccessful (kafka.controller.RequestSendThread)
java.io.IOException: Connection to MSI.localdomain:9092 (id: 0 rack: null) failed.
	at org.apache.kafka.clients.NetworkClientUtils.awaitReady(NetworkClientUtils.java:70)
	at kafka.controller.RequestSendThread.brokerReady(ControllerChannelManager.scala:298)
	at kafka.controller.RequestSendThread.doWork(ControllerChannelManager.scala:251)
	at org.apache.kafka.server.util.ShutdownableThread.run(ShutdownableThread.java:127)
[2026-04-18 13:12:45,790] INFO [ReplicaStateMachine controllerId=0] Triggering offline replica state changes (kafka.controller.ZkReplicaStateMachine)
[2026-04-18 13:12:45,790] DEBUG [ReplicaStateMachine controllerId=0] Started replica state machine with initial state -> HashMap([Topic=bank_topic,Partition=0,Replica=0] -> OnlineReplica) (kafka.controller.ZkReplicaStateMachine)
[2026-04-18 13:12:45,791] INFO [PartitionStateMachine controllerId=0] Initializing partition state (kafka.controller.ZkPartitionStateMachine)
[2026-04-18 13:12:45,795] INFO [PartitionStateMachine controllerId=0] Triggering online partition state changes (kafka.controller.ZkPartitionStateMachine)
[2026-04-18 13:12:45,797] DEBUG [PartitionStateMachine controllerId=0] Started partition state machine with initial state -> HashMap(bank_topic-0 -> OnlinePartition) (kafka.controller.ZkPartitionStateMachine)
[2026-04-18 13:12:45,798] INFO [Controller id=0] Ready to serve as the new controller with epoch 2 (kafka.controller.KafkaController)
[2026-04-18 13:12:45,805] INFO [Controller id=0] Partitions undergoing preferred replica election:  (kafka.controller.KafkaController)
[2026-04-18 13:12:45,805] INFO [Controller id=0] Partitions that completed preferred replica election:  (kafka.controller.KafkaController)
[2026-04-18 13:12:45,806] INFO [Controller id=0] Skipping preferred replica election for partitions due to topic deletion:  (kafka.controller.KafkaController)
[2026-04-18 13:12:45,806] INFO [Controller id=0] Resuming preferred replica election for partitions:  (kafka.controller.KafkaController)
[2026-04-18 13:12:45,808] INFO [Controller id=0] Starting replica leader election (PREFERRED) for partitions  triggered by ZkTriggered (kafka.controller.KafkaController)
[2026-04-18 13:12:45,831] INFO [Controller id=0] Starting the controller scheduler (kafka.controller.KafkaController)
[2026-04-18 13:12:45,877] INFO [RequestSendThread controllerId=0] Controller 0 connected to MSI.localdomain:9092 (id: 0 rack: null) for sending state change requests (kafka.controller.RequestSendThread)
[2026-04-18 13:12:52,494] INFO [Controller id=0] Processing automatic preferred replica leader election (kafka.controller.KafkaController)
[2026-04-18 13:12:52,494] TRACE [Controller id=0] Checking need to trigger auto leader balancing (kafka.controller.KafkaController)
[2026-04-18 13:12:52,497] DEBUG [Controller id=0] Topics not in preferred replica for broker 0 Map() (kafka.controller.KafkaController)
[2026-04-18 13:12:52,499] TRACE [Controller id=0] Leader imbalance ratio for broker 0 is 0.0 (kafka.controller.KafkaController)
[2026-04-18 13:18:06,976] INFO [Controller id=0] Processing automatic preferred replica leader election (kafka.controller.KafkaController)
[2026-04-18 13:18:06,979] TRACE [Controller id=0] Checking need to trigger auto leader balancing (kafka.controller.KafkaController)
[2026-04-18 13:18:06,984] DEBUG [Controller id=0] Topics not in preferred replica for broker 0 Map() (kafka.controller.KafkaController)
[2026-04-18 13:18:06,985] TRACE [Controller id=0] Leader imbalance ratio for broker 0 is 0.0 (kafka.controller.KafkaController)
[2026-04-18 13:21:10,639] INFO [Controller id=0] Shutting down broker 0 (kafka.controller.KafkaController)
[2026-04-18 13:21:10,641] DEBUG [Controller id=0] All shutting down brokers: 0 (kafka.controller.KafkaController)
[2026-04-18 13:21:10,645] DEBUG [Controller id=0] Live brokers:  (kafka.controller.KafkaController)
[2026-04-18 13:21:10,661] TRACE [Controller id=0] All leaders = bank_topic-0 -> (Leader:0,ISR:0,LeaderRecoveryState:RECOVERED,LeaderEpoch:0,ZkVersion:0,ControllerEpoch:1) (kafka.controller.KafkaController)
[2026-04-18 13:21:10,944] INFO [ControllerEventThread controllerId=0] Shutting down (kafka.controller.ControllerEventManager$ControllerEventThread)
[2026-04-18 13:21:10,946] INFO [ControllerEventThread controllerId=0] Shutdown completed (kafka.controller.ControllerEventManager$ControllerEventThread)
[2026-04-18 13:21:10,945] INFO [ControllerEventThread controllerId=0] Stopped (kafka.controller.ControllerEventManager$ControllerEventThread)
[2026-04-18 13:21:10,947] DEBUG [Controller id=0] Resigning (kafka.controller.KafkaController)
[2026-04-18 13:21:10,949] DEBUG [Controller id=0] Unregister BrokerModifications handler for Set(0) (kafka.controller.KafkaController)
[2026-04-18 13:21:10,953] INFO [PartitionStateMachine controllerId=0] Stopped partition state machine (kafka.controller.ZkPartitionStateMachine)
[2026-04-18 13:21:10,956] INFO [ReplicaStateMachine controllerId=0] Stopped replica state machine (kafka.controller.ZkReplicaStateMachine)
[2026-04-18 13:21:10,960] INFO [RequestSendThread controllerId=0] Shutting down (kafka.controller.RequestSendThread)
[2026-04-18 13:21:10,960] INFO [RequestSendThread controllerId=0] Shutdown completed (kafka.controller.RequestSendThread)
[2026-04-18 13:21:10,960] INFO [RequestSendThread controllerId=0] Stopped (kafka.controller.RequestSendThread)
[2026-04-18 13:21:10,968] INFO [Controller id=0] Resigned (kafka.controller.KafkaController)
