[2026-04-18T13:12:42.198+0800][gc,heap] Heap region size: 1M
[2026-04-18T13:12:42.238+0800][gc     ] Using G1
[2026-04-18T13:12:42.238+0800][gc,heap,coops] Heap address: 0x00000000c0000000, size: 1024 MB, Compressed Oops mode: 32-bit
[2026-04-18T13:12:42.239+0800][gc,cds       ] Mark closed archive regions in map: [0x00000000fff00000, 0x00000000fff6bff8]
[2026-04-18T13:12:42.239+0800][gc,cds       ] Mark open archive regions in map: [0x00000000ffe00000, 0x00000000ffe47ff8]
[2026-04-18T13:12:43.602+0800][gc,start     ] GC(0) Pause Young (Normal) (G1 Evacuation Pause)
[2026-04-18T13:12:43.606+0800][gc,task      ] GC(0) Using 13 workers of 13 for evacuation
[2026-04-18T13:12:43.615+0800][gc,phases    ] GC(0)   Pre Evacuate Collection Set: 0.0ms
[2026-04-18T13:12:43.615+0800][gc,phases    ] GC(0)   Evacuate Collection Set: 7.8ms
[2026-04-18T13:12:43.615+0800][gc,phases    ] GC(0)   Post Evacuate Collection Set: 0.8ms
[2026-04-18T13:12:43.615+0800][gc,phases    ] GC(0)   Other: 4.0ms
[2026-04-18T13:12:43.615+0800][gc,heap      ] GC(0) Eden regions: 51->0(44)
[2026-04-18T13:12:43.615+0800][gc,heap      ] GC(0) Survivor regions: 0->7(7)
[2026-04-18T13:12:43.615+0800][gc,heap      ] GC(0) Old regions: 2->2
[2026-04-18T13:12:43.615+0800][gc,heap      ] GC(0) Humongous regions: 0->0
[2026-04-18T13:12:43.615+0800][gc,metaspace ] GC(0) Metaspace: 14170K(14848K)->14170K(14848K) NonClass: 12435K(12800K)->12435K(12800K) Class: 1734K(2048K)->1734K(2048K)
[2026-04-18T13:12:43.615+0800][gc           ] GC(0) Pause Young (Normal) (G1 Evacuation Pause) 51M->7M(1024M) 12.858ms
[2026-04-18T13:12:43.615+0800][gc,cpu       ] GC(0) User=0.07s Sys=0.05s Real=0.01s
[2026-04-18T13:12:44.247+0800][gc,start     ] GC(1) Pause Young (Concurrent Start) (Metadata GC Threshold)
[2026-04-18T13:12:44.247+0800][gc,task      ] GC(1) Using 13 workers of 13 for evacuation
[2026-04-18T13:12:44.263+0800][gc,phases    ] GC(1)   Pre Evacuate Collection Set: 0.1ms
[2026-04-18T13:12:44.263+0800][gc,phases    ] GC(1)   Evacuate Collection Set: 14.5ms
[2026-04-18T13:12:44.263+0800][gc,phases    ] GC(1)   Post Evacuate Collection Set: 0.7ms
[2026-04-18T13:12:44.263+0800][gc,phases    ] GC(1)   Other: 0.5ms
[2026-04-18T13:12:44.263+0800][gc,heap      ] GC(1) Eden regions: 29->0(49)
[2026-04-18T13:12:44.263+0800][gc,heap      ] GC(1) Survivor regions: 7->2(7)
[2026-04-18T13:12:44.263+0800][gc,heap      ] GC(1) Old regions: 2->9
[2026-04-18T13:12:44.263+0800][gc,heap      ] GC(1) Humongous regions: 0->0
[2026-04-18T13:12:44.263+0800][gc,metaspace ] GC(1) Metaspace: 20570K(21248K)->20570K(21248K) NonClass: 18091K(18432K)->18091K(18432K) Class: 2478K(2816K)->2478K(2816K)
[2026-04-18T13:12:44.263+0800][gc           ] GC(1) Pause Young (Concurrent Start) (Metadata GC Threshold) 36M->8M(1024M) 15.976ms
[2026-04-18T13:12:44.263+0800][gc,cpu       ] GC(1) User=0.05s Sys=0.02s Real=0.02s
[2026-04-18T13:12:44.263+0800][gc           ] GC(2) Concurrent Cycle
[2026-04-18T13:12:44.263+0800][gc,marking   ] GC(2) Concurrent Clear Claimed Marks
[2026-04-18T13:12:44.263+0800][gc,marking   ] GC(2) Concurrent Clear Claimed Marks 0.081ms
[2026-04-18T13:12:44.263+0800][gc,marking   ] GC(2) Concurrent Scan Root Regions
[2026-04-18T13:12:44.265+0800][gc,marking   ] GC(2) Concurrent Scan Root Regions 1.416ms
[2026-04-18T13:12:44.265+0800][gc,marking   ] GC(2) Concurrent Mark (2.073s)
[2026-04-18T13:12:44.265+0800][gc,marking   ] GC(2) Concurrent Mark From Roots
[2026-04-18T13:12:44.265+0800][gc,task      ] GC(2) Using 3 workers of 3 for marking
[2026-04-18T13:12:44.271+0800][gc,marking   ] GC(2) Concurrent Mark From Roots 5.757ms
[2026-04-18T13:12:44.271+0800][gc,marking   ] GC(2) Concurrent Preclean
[2026-04-18T13:12:44.271+0800][gc,marking   ] GC(2) Concurrent Preclean 0.250ms
[2026-04-18T13:12:44.271+0800][gc,marking   ] GC(2) Concurrent Mark (2.073s, 2.079s) 6.125ms
[2026-04-18T13:12:44.271+0800][gc,start     ] GC(2) Pause Remark
[2026-04-18T13:12:44.274+0800][gc,stringtable] GC(2) Cleaned string and symbol table, strings: 5657 processed, 0 removed, symbols: 53371 processed, 43 removed
[2026-04-18T13:12:44.275+0800][gc            ] GC(2) Pause Remark 9M->9M(1024M) 3.092ms
[2026-04-18T13:12:44.275+0800][gc,cpu        ] GC(2) User=0.01s Sys=0.00s Real=0.00s
[2026-04-18T13:12:44.275+0800][gc,marking    ] GC(2) Concurrent Rebuild Remembered Sets
[2026-04-18T13:12:44.277+0800][gc,marking    ] GC(2) Concurrent Rebuild Remembered Sets 2.480ms
[2026-04-18T13:12:44.278+0800][gc,start      ] GC(2) Pause Cleanup
[2026-04-18T13:12:44.278+0800][gc            ] GC(2) Pause Cleanup 9M->9M(1024M) 0.349ms
[2026-04-18T13:12:44.279+0800][gc,cpu        ] GC(2) User=0.00s Sys=0.00s Real=0.00s
[2026-04-18T13:12:44.279+0800][gc,marking    ] GC(2) Concurrent Cleanup for Next Mark
[2026-04-18T13:12:44.290+0800][gc,marking    ] GC(2) Concurrent Cleanup for Next Mark 11.031ms
[2026-04-18T13:12:44.290+0800][gc            ] GC(2) Concurrent Cycle 26.697ms
[2026-04-18T13:12:45.274+0800][gc,start      ] GC(3) Pause Young (Normal) (G1 Evacuation Pause)
[2026-04-18T13:12:45.274+0800][gc,task       ] GC(3) Using 13 workers of 13 for evacuation
[2026-04-18T13:12:45.277+0800][gc,phases     ] GC(3)   Pre Evacuate Collection Set: 0.0ms
[2026-04-18T13:12:45.277+0800][gc,phases     ] GC(3)   Evacuate Collection Set: 2.3ms
[2026-04-18T13:12:45.277+0800][gc,phases     ] GC(3)   Post Evacuate Collection Set: 0.7ms
[2026-04-18T13:12:45.277+0800][gc,phases     ] GC(3)   Other: 0.2ms
[2026-04-18T13:12:45.277+0800][gc,heap       ] GC(3) Eden regions: 49->0(47)
[2026-04-18T13:12:45.277+0800][gc,heap       ] GC(3) Survivor regions: 2->4(7)
[2026-04-18T13:12:45.277+0800][gc,heap       ] GC(3) Old regions: 9->9
[2026-04-18T13:12:45.277+0800][gc,heap       ] GC(3) Humongous regions: 129->129
[2026-04-18T13:12:45.277+0800][gc,metaspace  ] GC(3) Metaspace: 28949K(30336K)->28949K(30336K) NonClass: 25548K(26368K)->25548K(26368K) Class: 3400K(3968K)->3400K(3968K)
[2026-04-18T13:12:45.277+0800][gc            ] GC(3) Pause Young (Normal) (G1 Evacuation Pause) 186M->140M(1024M) 3.475ms
[2026-04-18T13:12:45.278+0800][gc,cpu        ] GC(3) User=0.03s Sys=0.00s Real=0.01s
[2026-04-18T13:12:45.696+0800][gc,start      ] GC(4) Pause Young (Concurrent Start) (Metadata GC Threshold)
[2026-04-18T13:12:45.697+0800][gc,task       ] GC(4) Using 13 workers of 13 for evacuation
[2026-04-18T13:12:45.701+0800][gc,phases     ] GC(4)   Pre Evacuate Collection Set: 0.2ms
[2026-04-18T13:12:45.701+0800][gc,phases     ] GC(4)   Evacuate Collection Set: 3.4ms
[2026-04-18T13:12:45.701+0800][gc,phases     ] GC(4)   Post Evacuate Collection Set: 0.8ms
[2026-04-18T13:12:45.701+0800][gc,phases     ] GC(4)   Other: 0.3ms
[2026-04-18T13:12:45.701+0800][gc,heap       ] GC(4) Eden regions: 30->0(44)
[2026-04-18T13:12:45.701+0800][gc,heap       ] GC(4) Survivor regions: 4->7(7)
[2026-04-18T13:12:45.701+0800][gc,heap       ] GC(4) Old regions: 9->10
[2026-04-18T13:12:45.701+0800][gc,heap       ] GC(4) Humongous regions: 129->129
[2026-04-18T13:12:45.701+0800][gc,metaspace  ] GC(4) Metaspace: 34462K(35840K)->34462K(35840K) NonClass: 30460K(31232K)->30460K(31232K) Class: 4001K(4608K)->4001K(4608K)
[2026-04-18T13:12:45.701+0800][gc            ] GC(4) Pause Young (Concurrent Start) (Metadata GC Threshold) 169M->143M(1024M) 4.911ms
[2026-04-18T13:12:45.701+0800][gc,cpu        ] GC(4) User=0.05s Sys=0.00s Real=0.00s
[2026-04-18T13:12:45.701+0800][gc            ] GC(5) Concurrent Cycle
[2026-04-18T13:12:45.701+0800][gc,marking    ] GC(5) Concurrent Clear Claimed Marks
[2026-04-18T13:12:45.702+0800][gc,marking    ] GC(5) Concurrent Clear Claimed Marks 0.144ms
[2026-04-18T13:12:45.702+0800][gc,marking    ] GC(5) Concurrent Scan Root Regions
[2026-04-18T13:12:45.704+0800][gc,marking    ] GC(5) Concurrent Scan Root Regions 2.012ms
[2026-04-18T13:12:45.704+0800][gc,marking    ] GC(5) Concurrent Mark (3.512s)
[2026-04-18T13:12:45.704+0800][gc,marking    ] GC(5) Concurrent Mark From Roots
[2026-04-18T13:12:45.704+0800][gc,task       ] GC(5) Using 3 workers of 3 for marking
[2026-04-18T13:12:45.709+0800][gc,marking    ] GC(5) Concurrent Mark From Roots 4.813ms
[2026-04-18T13:12:45.709+0800][gc,marking    ] GC(5) Concurrent Preclean
[2026-04-18T13:12:45.709+0800][gc,marking    ] GC(5) Concurrent Preclean 0.270ms
[2026-04-18T13:12:45.709+0800][gc,marking    ] GC(5) Concurrent Mark (3.512s, 3.517s) 5.216ms
[2026-04-18T13:12:45.710+0800][gc,start      ] GC(5) Pause Remark
[2026-04-18T13:12:45.713+0800][gc,stringtable] GC(5) Cleaned string and symbol table, strings: 11447 processed, 13 removed, symbols: 87433 processed, 14 removed
[2026-04-18T13:12:45.713+0800][gc            ] GC(5) Pause Remark 144M->144M(1024M) 3.470ms
[2026-04-18T13:12:45.713+0800][gc,cpu        ] GC(5) User=0.03s Sys=0.00s Real=0.00s
[2026-04-18T13:12:45.713+0800][gc,marking    ] GC(5) Concurrent Rebuild Remembered Sets
[2026-04-18T13:12:45.717+0800][gc,marking    ] GC(5) Concurrent Rebuild Remembered Sets 3.366ms
[2026-04-18T13:12:45.717+0800][gc,start      ] GC(5) Pause Cleanup
[2026-04-18T13:12:45.718+0800][gc            ] GC(5) Pause Cleanup 144M->144M(1024M) 0.369ms
[2026-04-18T13:12:45.718+0800][gc,cpu        ] GC(5) User=0.00s Sys=0.00s Real=0.00s
[2026-04-18T13:12:45.718+0800][gc,marking    ] GC(5) Concurrent Cleanup for Next Mark
[2026-04-18T13:12:45.731+0800][gc,marking    ] GC(5) Concurrent Cleanup for Next Mark 13.001ms
[2026-04-18T13:12:45.731+0800][gc            ] GC(5) Concurrent Cycle 29.434ms
[2026-04-18T13:13:44.279+0800][gc,start      ] GC(6) Pause Young (Normal) (G1 Evacuation Pause)
[2026-04-18T13:13:44.279+0800][gc,task       ] GC(6) Using 13 workers of 13 for evacuation
[2026-04-18T13:13:44.300+0800][gc,mmu        ] GC(6) MMU target violated: 21.0ms (20.0ms/21.0ms)
[2026-04-18T13:13:44.300+0800][gc,phases     ] GC(6)   Pre Evacuate Collection Set: 7.1ms
[2026-04-18T13:13:44.300+0800][gc,phases     ] GC(6)   Evacuate Collection Set: 11.9ms
[2026-04-18T13:13:44.300+0800][gc,phases     ] GC(6)   Post Evacuate Collection Set: 1.8ms
[2026-04-18T13:13:44.300+0800][gc,phases     ] GC(6)   Other: 1.0ms
[2026-04-18T13:13:44.300+0800][gc,heap       ] GC(6) Eden regions: 44->0(46)
[2026-04-18T13:13:44.300+0800][gc,heap       ] GC(6) Survivor regions: 7->5(7)
[2026-04-18T13:13:44.300+0800][gc,heap       ] GC(6) Old regions: 10->13
[2026-04-18T13:13:44.300+0800][gc,heap       ] GC(6) Humongous regions: 129->129
[2026-04-18T13:13:44.300+0800][gc,metaspace  ] GC(6) Metaspace: 41054K(43340K)->41054K(43340K) NonClass: 35899K(37068K)->35899K(37068K) Class: 5155K(6272K)->5155K(6272K)
[2026-04-18T13:13:44.300+0800][gc            ] GC(6) Pause Young (Normal) (G1 Evacuation Pause) 187M->145M(1024M) 21.860ms
[2026-04-18T13:13:44.300+0800][gc,cpu        ] GC(6) User=0.16s Sys=0.00s Real=0.02s
[2026-04-18T13:14:31.935+0800][gc,start      ] GC(7) Pause Young (Normal) (G1 Evacuation Pause)
[2026-04-18T13:14:31.935+0800][gc,task       ] GC(7) Using 13 workers of 13 for evacuation
[2026-04-18T13:14:31.941+0800][gc,phases     ] GC(7)   Pre Evacuate Collection Set: 0.3ms
[2026-04-18T13:14:31.941+0800][gc,phases     ] GC(7)   Evacuate Collection Set: 4.1ms
[2026-04-18T13:14:31.941+0800][gc,phases     ] GC(7)   Post Evacuate Collection Set: 0.9ms
[2026-04-18T13:14:31.941+0800][gc,phases     ] GC(7)   Other: 0.5ms
[2026-04-18T13:14:31.941+0800][gc,heap       ] GC(7) Eden regions: 46->0(48)
[2026-04-18T13:14:31.941+0800][gc,heap       ] GC(7) Survivor regions: 5->3(7)
[2026-04-18T13:14:31.941+0800][gc,heap       ] GC(7) Old regions: 13->16
[2026-04-18T13:14:31.941+0800][gc,heap       ] GC(7) Humongous regions: 129->129
[2026-04-18T13:14:31.941+0800][gc,metaspace  ] GC(7) Metaspace: 41134K(43596K)->41134K(43596K) NonClass: 35978K(37324K)->35978K(37324K) Class: 5156K(6272K)->5156K(6272K)
[2026-04-18T13:14:31.941+0800][gc            ] GC(7) Pause Young (Normal) (G1 Evacuation Pause) 191M->146M(1024M) 5.958ms
[2026-04-18T13:14:31.941+0800][gc,cpu        ] GC(7) User=0.05s Sys=0.00s Real=0.01s
[2026-04-18T13:15:26.560+0800][gc,start      ] GC(8) Pause Young (Normal) (G1 Evacuation Pause)
[2026-04-18T13:15:26.561+0800][gc,task       ] GC(8) Using 13 workers of 13 for evacuation
[2026-04-18T13:15:26.575+0800][gc,phases     ] GC(8)   Pre Evacuate Collection Set: 3.9ms
[2026-04-18T13:15:26.575+0800][gc,phases     ] GC(8)   Evacuate Collection Set: 8.6ms
[2026-04-18T13:15:26.575+0800][gc,phases     ] GC(8)   Post Evacuate Collection Set: 1.0ms
[2026-04-18T13:15:26.575+0800][gc,phases     ] GC(8)   Other: 0.7ms
[2026-04-18T13:15:26.575+0800][gc,heap       ] GC(8) Eden regions: 48->0(48)
[2026-04-18T13:15:26.575+0800][gc,heap       ] GC(8) Survivor regions: 3->3(7)
[2026-04-18T13:15:26.575+0800][gc,heap       ] GC(8) Old regions: 16->16
[2026-04-18T13:15:26.575+0800][gc,heap       ] GC(8) Humongous regions: 129->129
[2026-04-18T13:15:26.575+0800][gc,metaspace  ] GC(8) Metaspace: 41236K(43596K)->41236K(43596K) NonClass: 36080K(37324K)->36080K(37324K) Class: 5156K(6272K)->5156K(6272K)
[2026-04-18T13:15:26.575+0800][gc            ] GC(8) Pause Young (Normal) (G1 Evacuation Pause) 194M->145M(1024M) 14.350ms
[2026-04-18T13:15:26.575+0800][gc,cpu        ] GC(8) User=0.11s Sys=0.00s Real=0.01s
[2026-04-18T13:16:21.523+0800][gc,start      ] GC(9) Pause Young (Normal) (G1 Evacuation Pause)
[2026-04-18T13:16:21.523+0800][gc,task       ] GC(9) Using 13 workers of 13 for evacuation
[2026-04-18T13:16:21.529+0800][gc,phases     ] GC(9)   Pre Evacuate Collection Set: 0.7ms
[2026-04-18T13:16:21.529+0800][gc,phases     ] GC(9)   Evacuate Collection Set: 3.2ms
[2026-04-18T13:16:21.529+0800][gc,phases     ] GC(9)   Post Evacuate Collection Set: 1.1ms
[2026-04-18T13:16:21.529+0800][gc,phases     ] GC(9)   Other: 0.5ms
[2026-04-18T13:16:21.529+0800][gc,heap       ] GC(9) Eden regions: 48->0(47)
[2026-04-18T13:16:21.529+0800][gc,heap       ] GC(9) Survivor regions: 3->4(7)
[2026-04-18T13:16:21.529+0800][gc,heap       ] GC(9) Old regions: 16->16
[2026-04-18T13:16:21.529+0800][gc,heap       ] GC(9) Humongous regions: 129->129
[2026-04-18T13:16:21.529+0800][gc,metaspace  ] GC(9) Metaspace: 41291K(43596K)->41291K(43596K) NonClass: 36135K(37324K)->36135K(37324K) Class: 5156K(6272K)->5156K(6272K)
[2026-04-18T13:16:21.529+0800][gc            ] GC(9) Pause Young (Normal) (G1 Evacuation Pause) 193M->146M(1024M) 5.552ms
[2026-04-18T13:16:21.529+0800][gc,cpu        ] GC(9) User=0.04s Sys=0.01s Real=0.01s
[2026-04-18T13:17:11.822+0800][gc,start      ] GC(10) Pause Young (Normal) (G1 Evacuation Pause)
[2026-04-18T13:17:11.822+0800][gc,task       ] GC(10) Using 13 workers of 13 for evacuation
[2026-04-18T13:17:11.828+0800][gc,phases     ] GC(10)   Pre Evacuate Collection Set: 0.4ms
[2026-04-18T13:17:11.828+0800][gc,phases     ] GC(10)   Evacuate Collection Set: 3.8ms
[2026-04-18T13:17:11.828+0800][gc,phases     ] GC(10)   Post Evacuate Collection Set: 1.0ms
[2026-04-18T13:17:11.828+0800][gc,phases     ] GC(10)   Other: 0.4ms
[2026-04-18T13:17:11.828+0800][gc,heap       ] GC(10) Eden regions: 47->0(51)
[2026-04-18T13:17:11.828+0800][gc,heap       ] GC(10) Survivor regions: 4->3(7)
[2026-04-18T13:17:11.828+0800][gc,heap       ] GC(10) Old regions: 16->16
[2026-04-18T13:17:11.828+0800][gc,heap       ] GC(10) Humongous regions: 129->129
[2026-04-18T13:17:11.828+0800][gc,metaspace  ] GC(10) Metaspace: 41333K(43596K)->41333K(43596K) NonClass: 36176K(37324K)->36176K(37324K) Class: 5156K(6272K)->5156K(6272K)
[2026-04-18T13:17:11.828+0800][gc            ] GC(10) Pause Young (Normal) (G1 Evacuation Pause) 193M->146M(1024M) 5.613ms
[2026-04-18T13:17:11.828+0800][gc,cpu        ] GC(10) User=0.03s Sys=0.01s Real=0.01s
[2026-04-18T13:18:07.867+0800][gc,start      ] GC(11) Pause Young (Normal) (G1 Evacuation Pause)
[2026-04-18T13:18:07.867+0800][gc,task       ] GC(11) Using 13 workers of 13 for evacuation
[2026-04-18T13:18:07.873+0800][gc,phases     ] GC(11)   Pre Evacuate Collection Set: 0.1ms
[2026-04-18T13:18:07.873+0800][gc,phases     ] GC(11)   Evacuate Collection Set: 4.8ms
[2026-04-18T13:18:07.873+0800][gc,phases     ] GC(11)   Post Evacuate Collection Set: 0.9ms
[2026-04-18T13:18:07.873+0800][gc,phases     ] GC(11)   Other: 0.5ms
[2026-04-18T13:18:07.873+0800][gc,heap       ] GC(11) Eden regions: 51->0(56)
[2026-04-18T13:18:07.873+0800][gc,heap       ] GC(11) Survivor regions: 3->4(7)
[2026-04-18T13:18:07.873+0800][gc,heap       ] GC(11) Old regions: 16->16
[2026-04-18T13:18:07.873+0800][gc,heap       ] GC(11) Humongous regions: 129->129
[2026-04-18T13:18:07.873+0800][gc,metaspace  ] GC(11) Metaspace: 41469K(43852K)->41469K(43852K) NonClass: 36312K(37580K)->36312K(37580K) Class: 5156K(6272K)->5156K(6272K)
[2026-04-18T13:18:07.873+0800][gc            ] GC(11) Pause Young (Normal) (G1 Evacuation Pause) 197M->146M(1024M) 6.473ms
[2026-04-18T13:18:07.873+0800][gc,cpu        ] GC(11) User=0.06s Sys=0.01s Real=0.01s
[2026-04-18T13:19:08.689+0800][gc,start      ] GC(12) Pause Young (Normal) (G1 Evacuation Pause)
[2026-04-18T13:19:08.689+0800][gc,task       ] GC(12) Using 13 workers of 13 for evacuation
[2026-04-18T13:19:08.696+0800][gc,phases     ] GC(12)   Pre Evacuate Collection Set: 0.2ms
[2026-04-18T13:19:08.696+0800][gc,phases     ] GC(12)   Evacuate Collection Set: 3.4ms
[2026-04-18T13:19:08.696+0800][gc,phases     ] GC(12)   Post Evacuate Collection Set: 1.1ms
[2026-04-18T13:19:08.696+0800][gc,phases     ] GC(12)   Other: 1.9ms
[2026-04-18T13:19:08.696+0800][gc,heap       ] GC(12) Eden regions: 56->0(182)
[2026-04-18T13:19:08.696+0800][gc,heap       ] GC(12) Survivor regions: 4->4(8)
[2026-04-18T13:19:08.696+0800][gc,heap       ] GC(12) Old regions: 16->16
[2026-04-18T13:19:08.696+0800][gc,heap       ] GC(12) Humongous regions: 129->129
[2026-04-18T13:19:08.696+0800][gc,metaspace  ] GC(12) Metaspace: 41480K(43852K)->41480K(43852K) NonClass: 36323K(37580K)->36323K(37580K) Class: 5156K(6272K)->5156K(6272K)
[2026-04-18T13:19:08.696+0800][gc            ] GC(12) Pause Young (Normal) (G1 Evacuation Pause) 202M->146M(1024M) 6.708ms
[2026-04-18T13:19:08.696+0800][gc,cpu        ] GC(12) User=0.05s Sys=0.00s Real=0.01s
[2026-04-18T13:21:11.709+0800][gc,start      ] GC(13) Pause Young (Normal) (G1 Evacuation Pause)
[2026-04-18T13:21:11.710+0800][gc,task       ] GC(13) Using 13 workers of 13 for evacuation
[2026-04-18T13:21:11.718+0800][gc,phases     ] GC(13)   Pre Evacuate Collection Set: 0.8ms
[2026-04-18T13:21:11.718+0800][gc,phases     ] GC(13)   Evacuate Collection Set: 5.5ms
[2026-04-18T13:21:11.718+0800][gc,phases     ] GC(13)   Post Evacuate Collection Set: 2.0ms
[2026-04-18T13:21:11.718+0800][gc,phases     ] GC(13)   Other: 0.5ms
[2026-04-18T13:21:11.718+0800][gc,heap       ] GC(13) Eden regions: 116->0(303)
[2026-04-18T13:21:11.718+0800][gc,heap       ] GC(13) Survivor regions: 4->4(15)
[2026-04-18T13:21:11.718+0800][gc,heap       ] GC(13) Old regions: 16->16
[2026-04-18T13:21:11.718+0800][gc,heap       ] GC(13) Humongous regions: 129->129
[2026-04-18T13:21:11.718+0800][gc,metaspace  ] GC(13) Metaspace: 42329K(45004K)->42329K(45004K) NonClass: 36974K(38348K)->36974K(38348K) Class: 5355K(6656K)->5355K(6656K)
[2026-04-18T13:21:11.719+0800][gc            ] GC(13) Pause Young (Normal) (G1 Evacuation Pause) 262M->146M(1024M) 9.331ms
[2026-04-18T13:21:11.719+0800][gc,cpu        ] GC(13) User=0.07s Sys=0.00s Real=0.01s
[2026-04-18T13:21:11.776+0800][gc,heap,exit  ] Heap
[2026-04-18T13:21:11.776+0800][gc,heap,exit  ]  garbage-first heap   total 1048576K, used 152152K [0x00000000c0000000, 0x0000000100000000)
[2026-04-18T13:21:11.776+0800][gc,heap,exit  ]   region size 1024K, 7 young (7168K), 4 survivors (4096K)
[2026-04-18T13:21:11.776+0800][gc,heap,exit  ]  Metaspace       used 42403K, capacity 44891K, committed 45004K, reserved 1087488K
[2026-04-18T13:21:11.776+0800][gc,heap,exit  ]   class space    used 5376K, capacity 6565K, committed 6656K, reserved 1048576K
