[2026-04-18 13:11:38,475] INFO Terminating process due to signal SIGHUP (org.apache.kafka.common.utils.LoggingSignalHandler)
[2026-04-18 13:11:38,491] INFO [KafkaServer id=0] shutting down (kafka.server.KafkaServer)
[2026-04-18 13:11:38,497] INFO [KafkaServer id=0] Starting controlled shutdown (kafka.server.KafkaServer)
[2026-04-18 13:11:38,552] INFO [KafkaServer id=0] Controlled shutdown request returned successfully after 38ms (kafka.server.KafkaServer)
[2026-04-18 13:11:38,562] INFO [/config/changes-event-process-thread]: Shutting down (kafka.common.ZkNodeChangeNotificationListener$ChangeEventProcessThread)
[2026-04-18 13:11:38,563] INFO [/config/changes-event-process-thread]: Stopped (kafka.common.ZkNodeChangeNotificationListener$ChangeEventProcessThread)
[2026-04-18 13:11:38,564] INFO [/config/changes-event-process-thread]: Shutdown completed (kafka.common.ZkNodeChangeNotificationListener$ChangeEventProcessThread)
[2026-04-18 13:11:38,567] INFO [SocketServer listenerType=ZK_BROKER, nodeId=0] Stopping socket server request processors (kafka.network.SocketServer)
[2026-04-18 13:11:38,581] INFO [SocketServer listenerType=ZK_BROKER, nodeId=0] Stopped socket server request processors (kafka.network.SocketServer)
[2026-04-18 13:11:38,583] INFO [data-plane Kafka Request Handler on Broker 0], shutting down (kafka.server.KafkaRequestHandlerPool)
[2026-04-18 13:11:38,587] INFO [data-plane Kafka Request Handler on Broker 0], shut down completely (kafka.server.KafkaRequestHandlerPool)
[2026-04-18 13:11:38,597] INFO [ExpirationReaper-0-AlterAcls]: Shutting down (kafka.server.DelayedOperationPurgatory$ExpiredOperationReaper)
[2026-04-18 13:11:38,601] INFO [ExpirationReaper-0-AlterAcls]: Stopped (kafka.server.DelayedOperationPurgatory$ExpiredOperationReaper)
[2026-04-18 13:11:38,601] INFO [ExpirationReaper-0-AlterAcls]: Shutdown completed (kafka.server.DelayedOperationPurgatory$ExpiredOperationReaper)
[2026-04-18 13:11:38,602] INFO [KafkaApi-0] Shutdown complete. (kafka.server.KafkaApis)
[2026-04-18 13:11:38,604] INFO [ExpirationReaper-0-topic]: Shutting down (kafka.server.DelayedOperationPurgatory$ExpiredOperationReaper)
[2026-04-18 13:11:38,606] INFO [ExpirationReaper-0-topic]: Stopped (kafka.server.DelayedOperationPurgatory$ExpiredOperationReaper)
[2026-04-18 13:11:38,606] INFO [ExpirationReaper-0-topic]: Shutdown completed (kafka.server.DelayedOperationPurgatory$ExpiredOperationReaper)
[2026-04-18 13:11:38,609] INFO [TransactionCoordinator id=0] Shutting down. (kafka.coordinator.transaction.TransactionCoordinator)
[2026-04-18 13:11:38,612] INFO [Transaction State Manager 0]: Shutdown complete (kafka.coordinator.transaction.TransactionStateManager)
[2026-04-18 13:11:38,613] INFO [TxnMarkerSenderThread-0]: Shutting down (kafka.coordinator.transaction.TransactionMarkerChannelManager)
[2026-04-18 13:11:38,614] INFO [TxnMarkerSenderThread-0]: Stopped (kafka.coordinator.transaction.TransactionMarkerChannelManager)
[2026-04-18 13:11:38,614] INFO [TxnMarkerSenderThread-0]: Shutdown completed (kafka.coordinator.transaction.TransactionMarkerChannelManager)
[2026-04-18 13:11:38,616] INFO [TransactionCoordinator id=0] Shutdown complete. (kafka.coordinator.transaction.TransactionCoordinator)
[2026-04-18 13:11:38,618] INFO [GroupCoordinator 0]: Shutting down. (kafka.coordinator.group.GroupCoordinator)
[2026-04-18 13:11:38,622] INFO [ExpirationReaper-0-Heartbeat]: Shutting down (kafka.server.DelayedOperationPurgatory$ExpiredOperationReaper)
[2026-04-18 13:11:38,623] INFO [ExpirationReaper-0-Heartbeat]: Stopped (kafka.server.DelayedOperationPurgatory$ExpiredOperationReaper)
[2026-04-18 13:11:38,623] INFO [ExpirationReaper-0-Heartbeat]: Shutdown completed (kafka.server.DelayedOperationPurgatory$ExpiredOperationReaper)
[2026-04-18 13:11:38,625] INFO [ExpirationReaper-0-Rebalance]: Shutting down (kafka.server.DelayedOperationPurgatory$ExpiredOperationReaper)
[2026-04-18 13:11:38,627] INFO [ExpirationReaper-0-Rebalance]: Stopped (kafka.server.DelayedOperationPurgatory$ExpiredOperationReaper)
[2026-04-18 13:11:38,627] INFO [ExpirationReaper-0-Rebalance]: Shutdown completed (kafka.server.DelayedOperationPurgatory$ExpiredOperationReaper)
[2026-04-18 13:11:38,628] INFO [GroupCoordinator 0]: Shutdown complete. (kafka.coordinator.group.GroupCoordinator)
[2026-04-18 13:11:38,629] INFO [ReplicaManager broker=0] Shutting down (kafka.server.ReplicaManager)
[2026-04-18 13:11:38,630] INFO [LogDirFailureHandler]: Shutting down (kafka.server.ReplicaManager$LogDirFailureHandler)
[2026-04-18 13:11:38,632] INFO [LogDirFailureHandler]: Shutdown completed (kafka.server.ReplicaManager$LogDirFailureHandler)
[2026-04-18 13:11:38,632] INFO [LogDirFailureHandler]: Stopped (kafka.server.ReplicaManager$LogDirFailureHandler)
[2026-04-18 13:11:38,633] INFO [ReplicaFetcherManager on broker 0] shutting down (kafka.server.ReplicaFetcherManager)
[2026-04-18 13:11:38,635] INFO [ReplicaFetcherManager on broker 0] shutdown completed (kafka.server.ReplicaFetcherManager)
[2026-04-18 13:11:38,636] INFO [ReplicaAlterLogDirsManager on broker 0] shutting down (kafka.server.ReplicaAlterLogDirsManager)
[2026-04-18 13:11:38,636] INFO [ReplicaAlterLogDirsManager on broker 0] shutdown completed (kafka.server.ReplicaAlterLogDirsManager)
[2026-04-18 13:11:38,637] INFO [ExpirationReaper-0-Fetch]: Shutting down (kafka.server.DelayedOperationPurgatory$ExpiredOperationReaper)
[2026-04-18 13:11:38,638] INFO [ExpirationReaper-0-Fetch]: Stopped (kafka.server.DelayedOperationPurgatory$ExpiredOperationReaper)
[2026-04-18 13:11:38,638] INFO [ExpirationReaper-0-Fetch]: Shutdown completed (kafka.server.DelayedOperationPurgatory$ExpiredOperationReaper)
[2026-04-18 13:11:38,639] INFO [ExpirationReaper-0-Produce]: Shutting down (kafka.server.DelayedOperationPurgatory$ExpiredOperationReaper)
[2026-04-18 13:11:38,641] INFO [ExpirationReaper-0-Produce]: Stopped (kafka.server.DelayedOperationPurgatory$ExpiredOperationReaper)
[2026-04-18 13:11:38,641] INFO [ExpirationReaper-0-Produce]: Shutdown completed (kafka.server.DelayedOperationPurgatory$ExpiredOperationReaper)
[2026-04-18 13:11:38,642] INFO [ExpirationReaper-0-DeleteRecords]: Shutting down (kafka.server.DelayedOperationPurgatory$ExpiredOperationReaper)
[2026-04-18 13:11:38,644] INFO [ExpirationReaper-0-DeleteRecords]: Stopped (kafka.server.DelayedOperationPurgatory$ExpiredOperationReaper)
[2026-04-18 13:11:38,644] INFO [ExpirationReaper-0-DeleteRecords]: Shutdown completed (kafka.server.DelayedOperationPurgatory$ExpiredOperationReaper)
[2026-04-18 13:11:38,645] INFO [ExpirationReaper-0-ElectLeader]: Shutting down (kafka.server.DelayedOperationPurgatory$ExpiredOperationReaper)
[2026-04-18 13:11:40,285] INFO [ExpirationReaper-0-ElectLeader]: Stopped (kafka.server.DelayedOperationPurgatory$ExpiredOperationReaper)
[2026-04-18 13:11:40,285] INFO [ExpirationReaper-0-ElectLeader]: Shutdown completed (kafka.server.DelayedOperationPurgatory$ExpiredOperationReaper)
[2026-04-18 13:11:40,296] INFO [ReplicaManager broker=0] Shut down completely (kafka.server.ReplicaManager)
[2026-04-18 13:11:40,298] INFO [zk-broker-0-to-controller-alter-partition-channel-manager]: Shutting down (kafka.server.BrokerToControllerRequestThread)
[2026-04-18 13:11:40,299] INFO [zk-broker-0-to-controller-alter-partition-channel-manager]: Stopped (kafka.server.BrokerToControllerRequestThread)
[2026-04-18 13:11:40,299] INFO [zk-broker-0-to-controller-alter-partition-channel-manager]: Shutdown completed (kafka.server.BrokerToControllerRequestThread)
[2026-04-18 13:11:40,302] INFO Broker to controller channel manager for alter-partition shutdown (kafka.server.BrokerToControllerChannelManagerImpl)
[2026-04-18 13:11:40,303] INFO [zk-broker-0-to-controller-forwarding-channel-manager]: Shutting down (kafka.server.BrokerToControllerRequestThread)
[2026-04-18 13:11:40,304] INFO [zk-broker-0-to-controller-forwarding-channel-manager]: Stopped (kafka.server.BrokerToControllerRequestThread)
[2026-04-18 13:11:40,304] INFO [zk-broker-0-to-controller-forwarding-channel-manager]: Shutdown completed (kafka.server.BrokerToControllerRequestThread)
[2026-04-18 13:11:40,305] INFO Broker to controller channel manager for forwarding shutdown (kafka.server.BrokerToControllerChannelManagerImpl)
[2026-04-18 13:11:40,306] INFO Shutting down. (kafka.log.LogManager)
[2026-04-18 13:11:40,312] INFO [kafka-log-cleaner-thread-0]: Shutting down (kafka.log.LogCleaner$CleanerThread)
[2026-04-18 13:11:40,313] INFO [kafka-log-cleaner-thread-0]: Shutdown completed (kafka.log.LogCleaner$CleanerThread)
[2026-04-18 13:11:40,313] INFO [kafka-log-cleaner-thread-0]: Stopped (kafka.log.LogCleaner$CleanerThread)
[2026-04-18 13:11:40,339] INFO [ProducerStateManager partition=bank_topic-0]Wrote producer snapshot at offset 319 with 0 producer ids in 5 ms. (org.apache.kafka.storage.internals.log.ProducerStateManager)
[2026-04-18 13:11:40,373] INFO Shutdown complete. (kafka.log.LogManager)
[2026-04-18 13:11:40,393] INFO [feature-zk-node-event-process-thread]: Shutting down (kafka.server.FinalizedFeatureChangeListener$ChangeNotificationProcessorThread)
[2026-04-18 13:11:40,394] INFO [feature-zk-node-event-process-thread]: Shutdown completed (kafka.server.FinalizedFeatureChangeListener$ChangeNotificationProcessorThread)
[2026-04-18 13:11:40,394] INFO [feature-zk-node-event-process-thread]: Stopped (kafka.server.FinalizedFeatureChangeListener$ChangeNotificationProcessorThread)
[2026-04-18 13:11:40,396] INFO [ZooKeeperClient Kafka server] Closing. (kafka.zookeeper.ZooKeeperClient)
[2026-04-18 13:11:40,806] INFO Session: 0x100004800100000 closed (org.apache.zookeeper.ZooKeeper)
[2026-04-18 13:11:40,806] INFO EventThread shut down for session: 0x100004800100000 (org.apache.zookeeper.ClientCnxn)
[2026-04-18 13:11:40,808] INFO [ZooKeeperClient Kafka server] Closed. (kafka.zookeeper.ZooKeeperClient)
[2026-04-18 13:11:40,809] INFO [ThrottledChannelReaper-Fetch]: Shutting down (kafka.server.ClientQuotaManager$ThrottledChannelReaper)
[2026-04-18 13:11:40,813] INFO [ThrottledChannelReaper-Fetch]: Stopped (kafka.server.ClientQuotaManager$ThrottledChannelReaper)
[2026-04-18 13:11:40,813] INFO [ThrottledChannelReaper-Fetch]: Shutdown completed (kafka.server.ClientQuotaManager$ThrottledChannelReaper)
[2026-04-18 13:11:40,814] INFO [ThrottledChannelReaper-Produce]: Shutting down (kafka.server.ClientQuotaManager$ThrottledChannelReaper)
[2026-04-18 13:11:40,815] INFO [ThrottledChannelReaper-Produce]: Stopped (kafka.server.ClientQuotaManager$ThrottledChannelReaper)
[2026-04-18 13:11:40,815] INFO [ThrottledChannelReaper-Produce]: Shutdown completed (kafka.server.ClientQuotaManager$ThrottledChannelReaper)
[2026-04-18 13:11:40,816] INFO [ThrottledChannelReaper-Request]: Shutting down (kafka.server.ClientQuotaManager$ThrottledChannelReaper)
[2026-04-18 13:11:40,817] INFO [ThrottledChannelReaper-Request]: Stopped (kafka.server.ClientQuotaManager$ThrottledChannelReaper)
[2026-04-18 13:11:40,817] INFO [ThrottledChannelReaper-Request]: Shutdown completed (kafka.server.ClientQuotaManager$ThrottledChannelReaper)
[2026-04-18 13:11:40,818] INFO [ThrottledChannelReaper-ControllerMutation]: Shutting down (kafka.server.ClientQuotaManager$ThrottledChannelReaper)
[2026-04-18 13:11:40,818] INFO [ThrottledChannelReaper-ControllerMutation]: Shutdown completed (kafka.server.ClientQuotaManager$ThrottledChannelReaper)
[2026-04-18 13:11:40,818] INFO [ThrottledChannelReaper-ControllerMutation]: Stopped (kafka.server.ClientQuotaManager$ThrottledChannelReaper)
[2026-04-18 13:11:40,820] INFO [SocketServer listenerType=ZK_BROKER, nodeId=0] Shutting down socket server (kafka.network.SocketServer)
[2026-04-18 13:11:40,857] INFO [SocketServer listenerType=ZK_BROKER, nodeId=0] Shutdown completed (kafka.network.SocketServer)
[2026-04-18 13:11:40,858] INFO Metrics scheduler closed (org.apache.kafka.common.metrics.Metrics)
[2026-04-18 13:11:40,858] INFO Closing reporter org.apache.kafka.common.metrics.JmxReporter (org.apache.kafka.common.metrics.Metrics)
[2026-04-18 13:11:40,859] INFO Metrics reporters closed (org.apache.kafka.common.metrics.Metrics)
[2026-04-18 13:11:40,860] INFO Broker and topic stats closed (kafka.server.BrokerTopicStats)
[2026-04-18 13:11:40,861] INFO App info kafka.server for 0 unregistered (org.apache.kafka.common.utils.AppInfoParser)
[2026-04-18 13:11:40,862] INFO [KafkaServer id=0] shut down completed (kafka.server.KafkaServer)
[2026-04-18 13:12:12,742] INFO Reading configuration from: config/zookeeper.properties (org.apache.zookeeper.server.quorum.QuorumPeerConfig)
[2026-04-18 13:12:12,745] WARN config/zookeeper.properties is relative. Prepend ./ to indicate that you're sure! (org.apache.zookeeper.server.quorum.QuorumPeerConfig)
[2026-04-18 13:12:12,752] INFO clientPortAddress is 0.0.0.0:2181 (org.apache.zookeeper.server.quorum.QuorumPeerConfig)
[2026-04-18 13:12:12,753] INFO secureClientPort is not set (org.apache.zookeeper.server.quorum.QuorumPeerConfig)
[2026-04-18 13:12:12,753] INFO observerMasterPort is not set (org.apache.zookeeper.server.quorum.QuorumPeerConfig)
[2026-04-18 13:12:12,753] INFO metricsProvider.className is org.apache.zookeeper.metrics.impl.DefaultMetricsProvider (org.apache.zookeeper.server.quorum.QuorumPeerConfig)
[2026-04-18 13:12:12,761] INFO autopurge.snapRetainCount set to 3 (org.apache.zookeeper.server.DatadirCleanupManager)
[2026-04-18 13:12:12,761] INFO autopurge.purgeInterval set to 0 (org.apache.zookeeper.server.DatadirCleanupManager)
[2026-04-18 13:12:12,762] INFO Purge task is not scheduled. (org.apache.zookeeper.server.DatadirCleanupManager)
[2026-04-18 13:12:12,762] WARN Either no config or no quorum defined in config, running in standalone mode (org.apache.zookeeper.server.quorum.QuorumPeerMain)
[2026-04-18 13:12:12,765] INFO Log4j 1.2 jmx support not found; jmx disabled. (org.apache.zookeeper.jmx.ManagedUtil)
[2026-04-18 13:12:12,766] INFO Reading configuration from: config/zookeeper.properties (org.apache.zookeeper.server.quorum.QuorumPeerConfig)
[2026-04-18 13:12:12,767] WARN config/zookeeper.properties is relative. Prepend ./ to indicate that you're sure! (org.apache.zookeeper.server.quorum.QuorumPeerConfig)
[2026-04-18 13:12:12,767] INFO clientPortAddress is 0.0.0.0:2181 (org.apache.zookeeper.server.quorum.QuorumPeerConfig)
[2026-04-18 13:12:12,768] INFO secureClientPort is not set (org.apache.zookeeper.server.quorum.QuorumPeerConfig)
[2026-04-18 13:12:12,768] INFO observerMasterPort is not set (org.apache.zookeeper.server.quorum.QuorumPeerConfig)
[2026-04-18 13:12:12,768] INFO metricsProvider.className is org.apache.zookeeper.metrics.impl.DefaultMetricsProvider (org.apache.zookeeper.server.quorum.QuorumPeerConfig)
[2026-04-18 13:12:12,768] INFO Starting server (org.apache.zookeeper.server.ZooKeeperServerMain)
[2026-04-18 13:12:14,455] INFO ServerMetrics initialized with provider org.apache.zookeeper.metrics.impl.DefaultMetricsProvider@657c8ad9 (org.apache.zookeeper.server.ServerMetrics)
[2026-04-18 13:12:14,466] INFO zookeeper.snapshot.trust.empty : false (org.apache.zookeeper.server.persistence.FileTxnSnapLog)
[2026-04-18 13:12:14,492] INFO  (org.apache.zookeeper.server.ZooKeeperServer)
[2026-04-18 13:12:14,492] INFO   ______                  _                                           (org.apache.zookeeper.server.ZooKeeperServer)
[2026-04-18 13:12:14,492] INFO  |___  /                 | |                                          (org.apache.zookeeper.server.ZooKeeperServer)
[2026-04-18 13:12:14,492] INFO     / /    ___     ___   | | __   ___    ___   _ __     ___   _ __    (org.apache.zookeeper.server.ZooKeeperServer)
[2026-04-18 13:12:14,492] INFO    / /    / _ \   / _ \  | |/ /  / _ \  / _ \ | '_ \   / _ \ | '__| (org.apache.zookeeper.server.ZooKeeperServer)
[2026-04-18 13:12:14,492] INFO   / /__  | (_) | | (_) | |   <  |  __/ |  __/ | |_) | |  __/ | |     (org.apache.zookeeper.server.ZooKeeperServer)
[2026-04-18 13:12:14,493] INFO  /_____|  \___/   \___/  |_|\_\  \___|  \___| | .__/   \___| |_| (org.apache.zookeeper.server.ZooKeeperServer)
[2026-04-18 13:12:14,493] INFO                                               | |                      (org.apache.zookeeper.server.ZooKeeperServer)
[2026-04-18 13:12:14,493] INFO                                               |_|                      (org.apache.zookeeper.server.ZooKeeperServer)
[2026-04-18 13:12:14,493] INFO  (org.apache.zookeeper.server.ZooKeeperServer)
[2026-04-18 13:12:14,496] INFO Server environment:zookeeper.version=3.6.4--d65253dcf68e9097c6e95a126463fd5fdeb4521c, built on 12/18/2022 18:10 GMT (org.apache.zookeeper.server.ZooKeeperServer)
[2026-04-18 13:12:14,496] INFO Server environment:host.name=MSI.localdomain (org.apache.zookeeper.server.ZooKeeperServer)
[2026-04-18 13:12:14,496] INFO Server environment:java.version=11.0.30 (org.apache.zookeeper.server.ZooKeeperServer)
[2026-04-18 13:12:14,497] INFO Server environment:java.vendor=Ubuntu (org.apache.zookeeper.server.ZooKeeperServer)
[2026-04-18 13:12:14,497] INFO Server environment:java.home=/usr/lib/jvm/java-11-openjdk-amd64 (org.apache.zookeeper.server.ZooKeeperServer)
[2026-04-18 13:12:14,497] INFO Server environment:java.class.path=/home/fahrul/bigdata-project/kafka_2.13-3.5.1/bin/../libs/activation-1.1.1.jar:/home/fahrul/bigdata-project/kafka_2.13-3.5.1/bin/../libs/aopalliance-repackaged-2.6.1.jar:/home/fahrul/bigdata-project/kafka_2.13-3.5.1/bin/../libs/argparse4j-0.7.0.jar:/home/fahrul/bigdata-project/kafka_2.13-3.5.1/bin/../libs/audience-annotations-0.13.0.jar:/home/fahrul/bigdata-project/kafka_2.13-3.5.1/bin/../libs/commons-cli-1.4.jar:/home/fahrul/bigdata-project/kafka_2.13-3.5.1/bin/../libs/commons-lang3-3.8.1.jar:/home/fahrul/bigdata-project/kafka_2.13-3.5.1/bin/../libs/connect-api-3.5.1.jar:/home/fahrul/bigdata-project/kafka_2.13-3.5.1/bin/../libs/connect-basic-auth-extension-3.5.1.jar:/home/fahrul/bigdata-project/kafka_2.13-3.5.1/bin/../libs/connect-json-3.5.1.jar:/home/fahrul/bigdata-project/kafka_2.13-3.5.1/bin/../libs/connect-mirror-3.5.1.jar:/home/fahrul/bigdata-project/kafka_2.13-3.5.1/bin/../libs/connect-mirror-client-3.5.1.jar:/home/fahrul/bigdata-project/kafka_2.13-3.5.1/bin/../libs/connect-runtime-3.5.1.jar:/home/fahrul/bigdata-project/kafka_2.13-3.5.1/bin/../libs/connect-transforms-3.5.1.jar:/home/fahrul/bigdata-project/kafka_2.13-3.5.1/bin/../libs/hk2-api-2.6.1.jar:/home/fahrul/bigdata-project/kafka_2.13-3.5.1/bin/../libs/hk2-locator-2.6.1.jar:/home/fahrul/bigdata-project/kafka_2.13-3.5.1/bin/../libs/hk2-utils-2.6.1.jar:/home/fahrul/bigdata-project/kafka_2.13-3.5.1/bin/../libs/jackson-annotations-2.13.5.jar:/home/fahrul/bigdata-project/kafka_2.13-3.5.1/bin/../libs/jackson-core-2.13.5.jar:/home/fahrul/bigdata-project/kafka_2.13-3.5.1/bin/../libs/jackson-databind-2.13.5.jar:/home/fahrul/bigdata-project/kafka_2.13-3.5.1/bin/../libs/jackson-dataformat-csv-2.13.5.jar:/home/fahrul/bigdata-project/kafka_2.13-3.5.1/bin/../libs/jackson-datatype-jdk8-2.13.5.jar:/home/fahrul/bigdata-project/kafka_2.13-3.5.1/bin/../libs/jackson-jaxrs-base-2.13.5.jar:/home/fahrul/bigdata-project/kafka_2.13-3.5.1/bin/../libs/jackson-jaxrs-json-provider-2.13.5.jar:/home/fahrul/bigdata-project/kafka_2.13-3.5.1/bin/../libs/jackson-module-jaxb-annotations-2.13.5.jar:/home/fahrul/bigdata-project/kafka_2.13-3.5.1/bin/../libs/jackson-module-scala_2.13-2.13.5.jar:/home/fahrul/bigdata-project/kafka_2.13-3.5.1/bin/../libs/jakarta.activation-api-1.2.2.jar:/home/fahrul/bigdata-project/kafka_2.13-3.5.1/bin/../libs/jakarta.annotation-api-1.3.5.jar:/home/fahrul/bigdata-project/kafka_2.13-3.5.1/bin/../libs/jakarta.inject-2.6.1.jar:/home/fahrul/bigdata-project/kafka_2.13-3.5.1/bin/../libs/jakarta.validation-api-2.0.2.jar:/home/fahrul/bigdata-project/kafka_2.13-3.5.1/bin/../libs/jakarta.ws.rs-api-2.1.6.jar:/home/fahrul/bigdata-project/kafka_2.13-3.5.1/bin/../libs/jakarta.xml.bind-api-2.3.3.jar:/home/fahrul/bigdata-project/kafka_2.13-3.5.1/bin/../libs/javassist-3.29.2-GA.jar:/home/fahrul/bigdata-project/kafka_2.13-3.5.1/bin/../libs/javax.activation-api-1.2.0.jar:/home/fahrul/bigdata-project/kafka_2.13-3.5.1/bin/../libs/javax.annotation-api-1.3.2.jar:/home/fahrul/bigdata-project/kafka_2.13-3.5.1/bin/../libs/javax.servlet-api-3.1.0.jar:/home/fahrul/bigdata-project/kafka_2.13-3.5.1/bin/../libs/javax.ws.rs-api-2.1.1.jar:/home/fahrul/bigdata-project/kafka_2.13-3.5.1/bin/../libs/jaxb-api-2.3.1.jar:/home/fahrul/bigdata-project/kafka_2.13-3.5.1/bin/../libs/jersey-client-2.39.1.jar:/home/fahrul/bigdata-project/kafka_2.13-3.5.1/bin/../libs/jersey-common-2.39.1.jar:/home/fahrul/bigdata-project/kafka_2.13-3.5.1/bin/../libs/jersey-container-servlet-2.39.1.jar:/home/fahrul/bigdata-project/kafka_2.13-3.5.1/bin/../libs/jersey-container-servlet-core-2.39.1.jar:/home/fahrul/bigdata-project/kafka_2.13-3.5.1/bin/../libs/jersey-hk2-2.39.1.jar:/home/fahrul/bigdata-project/kafka_2.13-3.5.1/bin/../libs/jersey-server-2.39.1.jar:/home/fahrul/bigdata-project/kafka_2.13-3.5.1/bin/../libs/jetty-client-9.4.51.v20230217.jar:/home/fahrul/bigdata-project/kafka_2.13-3.5.1/bin/../libs/jetty-continuation-9.4.51.v20230217.jar:/home/fahrul/bigdata-project/kafka_2.13-3.5.1/bin/../libs/jetty-http-9.4.51.v20230217.jar:/home/fahrul/bigdata-project/kafka_2.13-3.5.1/bin/../libs/jetty-io-9.4.51.v20230217.jar:/home/fahrul/bigdata-project/kafka_2.13-3.5.1/bin/../libs/jetty-security-9.4.51.v20230217.jar:/home/fahrul/bigdata-project/kafka_2.13-3.5.1/bin/../libs/jetty-server-9.4.51.v20230217.jar:/home/fahrul/bigdata-project/kafka_2.13-3.5.1/bin/../libs/jetty-servlet-9.4.51.v20230217.jar:/home/fahrul/bigdata-project/kafka_2.13-3.5.1/bin/../libs/jetty-servlets-9.4.51.v20230217.jar:/home/fahrul/bigdata-project/kafka_2.13-3.5.1/bin/../libs/jetty-util-9.4.51.v20230217.jar:/home/fahrul/bigdata-project/kafka_2.13-3.5.1/bin/../libs/jetty-util-ajax-9.4.51.v20230217.jar:/home/fahrul/bigdata-project/kafka_2.13-3.5.1/bin/../libs/jline-3.22.0.jar:/home/fahrul/bigdata-project/kafka_2.13-3.5.1/bin/../libs/jopt-simple-5.0.4.jar:/home/fahrul/bigdata-project/kafka_2.13-3.5.1/bin/../libs/jose4j-0.9.3.jar:/home/fahrul/bigdata-project/kafka_2.13-3.5.1/bin/../libs/kafka-clients-3.5.1.jar:/home/fahrul/bigdata-project/kafka_2.13-3.5.1/bin/../libs/kafka-group-coordinator-3.5.1.jar:/home/fahrul/bigdata-project/kafka_2.13-3.5.1/bin/../libs/kafka-log4j-appender-3.5.1.jar:/home/fahrul/bigdata-project/kafka_2.13-3.5.1/bin/../libs/kafka-metadata-3.5.1.jar:/home/fahrul/bigdata-project/kafka_2.13-3.5.1/bin/../libs/kafka-raft-3.5.1.jar:/home/fahrul/bigdata-project/kafka_2.13-3.5.1/bin/../libs/kafka-server-common-3.5.1.jar:/home/fahrul/bigdata-project/kafka_2.13-3.5.1/bin/../libs/kafka-shell-3.5.1.jar:/home/fahrul/bigdata-project/kafka_2.13-3.5.1/bin/../libs/kafka-storage-3.5.1.jar:/home/fahrul/bigdata-project/kafka_2.13-3.5.1/bin/../libs/kafka-storage-api-3.5.1.jar:/home/fahrul/bigdata-project/kafka_2.13-3.5.1/bin/../libs/kafka-streams-3.5.1.jar:/home/fahrul/bigdata-project/kafka_2.13-3.5.1/bin/../libs/kafka-streams-examples-3.5.1.jar:/home/fahrul/bigdata-project/kafka_2.13-3.5.1/bin/../libs/kafka-streams-scala_2.13-3.5.1.jar:/home/fahrul/bigdata-project/kafka_2.13-3.5.1/bin/../libs/kafka-streams-test-utils-3.5.1.jar:/home/fahrul/bigdata-project/kafka_2.13-3.5.1/bin/../libs/kafka-tools-3.5.1.jar:/home/fahrul/bigdata-project/kafka_2.13-3.5.1/bin/../libs/kafka-tools-api-3.5.1.jar:/home/fahrul/bigdata-project/kafka_2.13-3.5.1/bin/../libs/kafka_2.13-3.5.1.jar:/home/fahrul/bigdata-project/kafka_2.13-3.5.1/bin/../libs/lz4-java-1.8.0.jar:/home/fahrul/bigdata-project/kafka_2.13-3.5.1/bin/../libs/maven-artifact-3.8.8.jar:/home/fahrul/bigdata-project/kafka_2.13-3.5.1/bin/../libs/metrics-core-2.2.0.jar:/home/fahrul/bigdata-project/kafka_2.13-3.5.1/bin/../libs/metrics-core-4.1.12.1.jar:/home/fahrul/bigdata-project/kafka_2.13-3.5.1/bin/../libs/netty-buffer-4.1.94.Final.jar:/home/fahrul/bigdata-project/kafka_2.13-3.5.1/bin/../libs/netty-codec-4.1.94.Final.jar:/home/fahrul/bigdata-project/kafka_2.13-3.5.1/bin/../libs/netty-common-4.1.94.Final.jar:/home/fahrul/bigdata-project/kafka_2.13-3.5.1/bin/../libs/netty-handler-4.1.94.Final.jar:/home/fahrul/bigdata-project/kafka_2.13-3.5.1/bin/../libs/netty-resolver-4.1.94.Final.jar:/home/fahrul/bigdata-project/kafka_2.13-3.5.1/bin/../libs/netty-transport-4.1.94.Final.jar:/home/fahrul/bigdata-project/kafka_2.13-3.5.1/bin/../libs/netty-transport-classes-epoll-4.1.94.Final.jar:/home/fahrul/bigdata-project/kafka_2.13-3.5.1/bin/../libs/netty-transport-native-epoll-4.1.94.Final.jar:/home/fahrul/bigdata-project/kafka_2.13-3.5.1/bin/../libs/netty-transport-native-unix-common-4.1.94.Final.jar:/home/fahrul/bigdata-project/kafka_2.13-3.5.1/bin/../libs/osgi-resource-locator-1.0.3.jar:/home/fahrul/bigdata-project/kafka_2.13-3.5.1/bin/../libs/paranamer-2.8.jar:/home/fahrul/bigdata-project/kafka_2.13-3.5.1/bin/../libs/plexus-utils-3.3.1.jar:/home/fahrul/bigdata-project/kafka_2.13-3.5.1/bin/../libs/reflections-0.9.12.jar:/home/fahrul/bigdata-project/kafka_2.13-3.5.1/bin/../libs/reload4j-1.2.25.jar:/home/fahrul/bigdata-project/kafka_2.13-3.5.1/bin/../libs/rocksdbjni-7.1.2.jar:/home/fahrul/bigdata-project/kafka_2.13-3.5.1/bin/../libs/scala-collection-compat_2.13-2.10.0.jar:/home/fahrul/bigdata-project/kafka_2.13-3.5.1/bin/../libs/scala-java8-compat_2.13-1.0.2.jar:/home/fahrul/bigdata-project/kafka_2.13-3.5.1/bin/../libs/scala-library-2.13.10.jar:/home/fahrul/bigdata-project/kafka_2.13-3.5.1/bin/../libs/scala-logging_2.13-3.9.4.jar:/home/fahrul/bigdata-project/kafka_2.13-3.5.1/bin/../libs/scala-reflect-2.13.10.jar:/home/fahrul/bigdata-project/kafka_2.13-3.5.1/bin/../libs/slf4j-api-1.7.36.jar:/home/fahrul/bigdata-project/kafka_2.13-3.5.1/bin/../libs/slf4j-reload4j-1.7.36.jar:/home/fahrul/bigdata-project/kafka_2.13-3.5.1/bin/../libs/snappy-java-1.1.10.1.jar:/home/fahrul/bigdata-project/kafka_2.13-3.5.1/bin/../libs/swagger-annotations-2.2.8.jar:/home/fahrul/bigdata-project/kafka_2.13-3.5.1/bin/../libs/trogdor-3.5.1.jar:/home/fahrul/bigdata-project/kafka_2.13-3.5.1/bin/../libs/zookeeper-3.6.4.jar:/home/fahrul/bigdata-project/kafka_2.13-3.5.1/bin/../libs/zookeeper-jute-3.6.4.jar:/home/fahrul/bigdata-project/kafka_2.13-3.5.1/bin/../libs/zstd-jni-1.5.5-1.jar (org.apache.zookeeper.server.ZooKeeperServer)
[2026-04-18 13:12:14,498] INFO Server environment:java.library.path=/usr/java/packages/lib:/usr/lib/x86_64-linux-gnu/jni:/lib/x86_64-linux-gnu:/usr/lib/x86_64-linux-gnu:/usr/lib/jni:/lib:/usr/lib (org.apache.zookeeper.server.ZooKeeperServer)
[2026-04-18 13:12:14,498] INFO Server environment:java.io.tmpdir=/tmp (org.apache.zookeeper.server.ZooKeeperServer)
[2026-04-18 13:12:14,498] INFO Server environment:java.compiler=<NA> (org.apache.zookeeper.server.ZooKeeperServer)
[2026-04-18 13:12:14,498] INFO Server environment:os.name=Linux (org.apache.zookeeper.server.ZooKeeperServer)
[2026-04-18 13:12:14,498] INFO Server environment:os.arch=amd64 (org.apache.zookeeper.server.ZooKeeperServer)
[2026-04-18 13:12:14,498] INFO Server environment:os.version=6.6.87.2-microsoft-standard-WSL2 (org.apache.zookeeper.server.ZooKeeperServer)
[2026-04-18 13:12:14,498] INFO Server environment:user.name=fahrul (org.apache.zookeeper.server.ZooKeeperServer)
[2026-04-18 13:12:14,499] INFO Server environment:user.home=/home/fahrul (org.apache.zookeeper.server.ZooKeeperServer)
[2026-04-18 13:12:14,499] INFO Server environment:user.dir=/home/fahrul/bigdata-project/kafka_2.13-3.5.1 (org.apache.zookeeper.server.ZooKeeperServer)
[2026-04-18 13:12:14,499] INFO Server environment:os.memory.free=489MB (org.apache.zookeeper.server.ZooKeeperServer)
[2026-04-18 13:12:14,499] INFO Server environment:os.memory.max=512MB (org.apache.zookeeper.server.ZooKeeperServer)
[2026-04-18 13:12:14,499] INFO Server environment:os.memory.total=512MB (org.apache.zookeeper.server.ZooKeeperServer)
[2026-04-18 13:12:14,500] INFO zookeeper.enableEagerACLCheck = false (org.apache.zookeeper.server.ZooKeeperServer)
[2026-04-18 13:12:14,500] INFO zookeeper.digest.enabled = true (org.apache.zookeeper.server.ZooKeeperServer)
[2026-04-18 13:12:14,500] INFO zookeeper.closeSessionTxn.enabled = true (org.apache.zookeeper.server.ZooKeeperServer)
[2026-04-18 13:12:14,500] INFO zookeeper.flushDelay=0 (org.apache.zookeeper.server.ZooKeeperServer)
[2026-04-18 13:12:14,500] INFO zookeeper.maxWriteQueuePollTime=0 (org.apache.zookeeper.server.ZooKeeperServer)
[2026-04-18 13:12:14,501] INFO zookeeper.maxBatchSize=1000 (org.apache.zookeeper.server.ZooKeeperServer)
[2026-04-18 13:12:14,501] INFO zookeeper.intBufferStartingSizeBytes = 1024 (org.apache.zookeeper.server.ZooKeeperServer)
[2026-04-18 13:12:14,503] INFO Weighed connection throttling is disabled (org.apache.zookeeper.server.BlueThrottle)
[2026-04-18 13:12:14,506] INFO minSessionTimeout set to 6000 (org.apache.zookeeper.server.ZooKeeperServer)
[2026-04-18 13:12:14,506] INFO maxSessionTimeout set to 60000 (org.apache.zookeeper.server.ZooKeeperServer)
[2026-04-18 13:12:14,509] INFO Response cache size is initialized with value 400. (org.apache.zookeeper.server.ResponseCache)
[2026-04-18 13:12:14,509] INFO Response cache size is initialized with value 400. (org.apache.zookeeper.server.ResponseCache)
[2026-04-18 13:12:14,511] INFO zookeeper.pathStats.slotCapacity = 60 (org.apache.zookeeper.server.util.RequestPathMetricsCollector)
[2026-04-18 13:12:14,511] INFO zookeeper.pathStats.slotDuration = 15 (org.apache.zookeeper.server.util.RequestPathMetricsCollector)
[2026-04-18 13:12:14,512] INFO zookeeper.pathStats.maxDepth = 6 (org.apache.zookeeper.server.util.RequestPathMetricsCollector)
[2026-04-18 13:12:14,512] INFO zookeeper.pathStats.initialDelay = 5 (org.apache.zookeeper.server.util.RequestPathMetricsCollector)
[2026-04-18 13:12:14,512] INFO zookeeper.pathStats.delay = 5 (org.apache.zookeeper.server.util.RequestPathMetricsCollector)
[2026-04-18 13:12:14,512] INFO zookeeper.pathStats.enabled = false (org.apache.zookeeper.server.util.RequestPathMetricsCollector)
[2026-04-18 13:12:14,519] INFO The max bytes for all large requests are set to 104857600 (org.apache.zookeeper.server.ZooKeeperServer)
[2026-04-18 13:12:14,519] INFO The large request threshold is set to -1 (org.apache.zookeeper.server.ZooKeeperServer)
[2026-04-18 13:12:14,519] INFO Created server with tickTime 3000 minSessionTimeout 6000 maxSessionTimeout 60000 clientPortListenBacklog -1 datadir /tmp/zookeeper/version-2 snapdir /tmp/zookeeper/version-2 (org.apache.zookeeper.server.ZooKeeperServer)
[2026-04-18 13:12:14,543] INFO Using org.apache.zookeeper.server.NIOServerCnxnFactory as server connection factory (org.apache.zookeeper.server.ServerCnxnFactory)
[2026-04-18 13:12:14,545] WARN maxCnxns is not configured, using default value 0. (org.apache.zookeeper.server.ServerCnxnFactory)
[2026-04-18 13:12:14,549] INFO Configuring NIO connection handler with 10s sessionless connection timeout, 2 selector thread(s), 32 worker threads, and 64 kB direct buffers. (org.apache.zookeeper.server.NIOServerCnxnFactory)
[2026-04-18 13:12:14,560] INFO binding to port 0.0.0.0/0.0.0.0:2181 (org.apache.zookeeper.server.NIOServerCnxnFactory)
[2026-04-18 13:12:14,614] INFO Using org.apache.zookeeper.server.watch.WatchManager as watch manager (org.apache.zookeeper.server.watch.WatchManagerFactory)
[2026-04-18 13:12:14,615] INFO Using org.apache.zookeeper.server.watch.WatchManager as watch manager (org.apache.zookeeper.server.watch.WatchManagerFactory)
[2026-04-18 13:12:14,617] INFO zookeeper.snapshotSizeFactor = 0.33 (org.apache.zookeeper.server.ZKDatabase)
[2026-04-18 13:12:14,618] INFO zookeeper.commitLogCount=500 (org.apache.zookeeper.server.ZKDatabase)
[2026-04-18 13:12:14,627] INFO zookeeper.snapshot.compression.method = CHECKED (org.apache.zookeeper.server.persistence.SnapStream)
[2026-04-18 13:12:14,629] INFO Reading snapshot /tmp/zookeeper/version-2/snapshot.0 (org.apache.zookeeper.server.persistence.FileSnap)
[2026-04-18 13:12:14,634] INFO The digest value is empty in snapshot (org.apache.zookeeper.server.DataTree)
[2026-04-18 13:12:14,669] INFO 35 txns loaded in 27 ms (org.apache.zookeeper.server.persistence.FileTxnSnapLog)
[2026-04-18 13:12:14,669] INFO Snapshot loaded in 51 ms, highest zxid is 0x23, digest is 55120030786 (org.apache.zookeeper.server.ZKDatabase)
[2026-04-18 13:12:14,670] INFO Snapshotting: 0x23 to /tmp/zookeeper/version-2/snapshot.23 (org.apache.zookeeper.server.persistence.FileTxnSnapLog)
[2026-04-18 13:12:14,673] INFO Snapshot taken in 3 ms (org.apache.zookeeper.server.ZooKeeperServer)
[2026-04-18 13:12:14,690] INFO PrepRequestProcessor (sid:0) started, reconfigEnabled=false (org.apache.zookeeper.server.PrepRequestProcessor)
[2026-04-18 13:12:14,690] INFO zookeeper.request_throttler.shutdownTimeout = 10000 (org.apache.zookeeper.server.RequestThrottler)
[2026-04-18 13:12:14,726] INFO Using checkIntervalMs=60000 maxPerMinute=10000 maxNeverUsedIntervalMs=0 (org.apache.zookeeper.server.ContainerManager)
[2026-04-18 13:12:14,728] INFO ZooKeeper audit is disabled. (org.apache.zookeeper.audit.ZKAuditProvider)
[2026-04-18 13:12:17,926] WARN Close of session 0x0 (org.apache.zookeeper.server.NIOServerCnxn)
java.io.IOException: Len error 1195725856
	at org.apache.zookeeper.server.NIOServerCnxn.readLength(NIOServerCnxn.java:549)
	at org.apache.zookeeper.server.NIOServerCnxn.doIO(NIOServerCnxn.java:340)
	at org.apache.zookeeper.server.NIOServerCnxnFactory$IOWorkRequest.doWork(NIOServerCnxnFactory.java:522)
	at org.apache.zookeeper.server.WorkerService$ScheduledWorkRequest.run(WorkerService.java:154)
	at java.base/java.util.concurrent.ThreadPoolExecutor.runWorker(ThreadPoolExecutor.java:1128)
	at java.base/java.util.concurrent.ThreadPoolExecutor$Worker.run(ThreadPoolExecutor.java:628)
	at java.base/java.lang.Thread.run(Thread.java:829)
[2026-04-18 13:12:18,964] WARN Close of session 0x0 (org.apache.zookeeper.server.NIOServerCnxn)
java.io.IOException: Len error 1195725856
	at org.apache.zookeeper.server.NIOServerCnxn.readLength(NIOServerCnxn.java:549)
	at org.apache.zookeeper.server.NIOServerCnxn.doIO(NIOServerCnxn.java:340)
	at org.apache.zookeeper.server.NIOServerCnxnFactory$IOWorkRequest.doWork(NIOServerCnxnFactory.java:522)
	at org.apache.zookeeper.server.WorkerService$ScheduledWorkRequest.run(WorkerService.java:154)
	at java.base/java.util.concurrent.ThreadPoolExecutor.runWorker(ThreadPoolExecutor.java:1128)
	at java.base/java.util.concurrent.ThreadPoolExecutor$Worker.run(ThreadPoolExecutor.java:628)
	at java.base/java.lang.Thread.run(Thread.java:829)
[2026-04-18 13:12:18,970] WARN Close of session 0x0 (org.apache.zookeeper.server.NIOServerCnxn)
java.io.IOException: Len error 1195725856
	at org.apache.zookeeper.server.NIOServerCnxn.readLength(NIOServerCnxn.java:549)
	at org.apache.zookeeper.server.NIOServerCnxn.doIO(NIOServerCnxn.java:340)
	at org.apache.zookeeper.server.NIOServerCnxnFactory$IOWorkRequest.doWork(NIOServerCnxnFactory.java:522)
	at org.apache.zookeeper.server.WorkerService$ScheduledWorkRequest.run(WorkerService.java:154)
	at java.base/java.util.concurrent.ThreadPoolExecutor.runWorker(ThreadPoolExecutor.java:1128)
	at java.base/java.util.concurrent.ThreadPoolExecutor$Worker.run(ThreadPoolExecutor.java:628)
	at java.base/java.lang.Thread.run(Thread.java:829)
[2026-04-18 13:12:18,976] WARN Close of session 0x0 (org.apache.zookeeper.server.NIOServerCnxn)
java.io.IOException: Len error 1195725856
	at org.apache.zookeeper.server.NIOServerCnxn.readLength(NIOServerCnxn.java:549)
	at org.apache.zookeeper.server.NIOServerCnxn.doIO(NIOServerCnxn.java:340)
	at org.apache.zookeeper.server.NIOServerCnxnFactory$IOWorkRequest.doWork(NIOServerCnxnFactory.java:522)
	at org.apache.zookeeper.server.WorkerService$ScheduledWorkRequest.run(WorkerService.java:154)
	at java.base/java.util.concurrent.ThreadPoolExecutor.runWorker(ThreadPoolExecutor.java:1128)
	at java.base/java.util.concurrent.ThreadPoolExecutor$Worker.run(ThreadPoolExecutor.java:628)
	at java.base/java.lang.Thread.run(Thread.java:829)
[2026-04-18 13:12:33,141] INFO Expiring session 0x100004800100000, timeout of 18000ms exceeded (org.apache.zookeeper.server.ZooKeeperServer)
[2026-04-18 13:12:33,154] INFO Creating new log file: log.24 (org.apache.zookeeper.server.persistence.FileTxnLog)
[2026-04-18 13:12:42,933] INFO Registered kafka:type=kafka.Log4jController MBean (kafka.utils.Log4jControllerRegistration$)
[2026-04-18 13:12:43,446] INFO Setting -D jdk.tls.rejectClientInitiatedRenegotiation=true to disable client-initiated TLS renegotiation (org.apache.zookeeper.common.X509Util)
[2026-04-18 13:12:43,580] INFO Registered signal handlers for TERM, INT, HUP (org.apache.kafka.common.utils.LoggingSignalHandler)
[2026-04-18 13:12:43,584] INFO starting (kafka.server.KafkaServer)
[2026-04-18 13:12:43,585] INFO Connecting to zookeeper on localhost:2181 (kafka.server.KafkaServer)
[2026-04-18 13:12:43,629] INFO [ZooKeeperClient Kafka server] Initializing a new session to localhost:2181. (kafka.zookeeper.ZooKeeperClient)
[2026-04-18 13:12:43,636] INFO Client environment:zookeeper.version=3.6.4--d65253dcf68e9097c6e95a126463fd5fdeb4521c, built on 12/18/2022 18:10 GMT (org.apache.zookeeper.ZooKeeper)
[2026-04-18 13:12:43,637] INFO Client environment:host.name=MSI.localdomain (org.apache.zookeeper.ZooKeeper)
[2026-04-18 13:12:43,637] INFO Client environment:java.version=11.0.30 (org.apache.zookeeper.ZooKeeper)
[2026-04-18 13:12:43,637] INFO Client environment:java.vendor=Ubuntu (org.apache.zookeeper.ZooKeeper)
[2026-04-18 13:12:43,637] INFO Client environment:java.home=/usr/lib/jvm/java-11-openjdk-amd64 (org.apache.zookeeper.ZooKeeper)
[2026-04-18 13:12:43,637] INFO Client environment:java.class.path=/home/fahrul/bigdata-project/kafka_2.13-3.5.1/bin/../libs/activation-1.1.1.jar:/home/fahrul/bigdata-project/kafka_2.13-3.5.1/bin/../libs/aopalliance-repackaged-2.6.1.jar:/home/fahrul/bigdata-project/kafka_2.13-3.5.1/bin/../libs/argparse4j-0.7.0.jar:/home/fahrul/bigdata-project/kafka_2.13-3.5.1/bin/../libs/audience-annotations-0.13.0.jar:/home/fahrul/bigdata-project/kafka_2.13-3.5.1/bin/../libs/commons-cli-1.4.jar:/home/fahrul/bigdata-project/kafka_2.13-3.5.1/bin/../libs/commons-lang3-3.8.1.jar:/home/fahrul/bigdata-project/kafka_2.13-3.5.1/bin/../libs/connect-api-3.5.1.jar:/home/fahrul/bigdata-project/kafka_2.13-3.5.1/bin/../libs/connect-basic-auth-extension-3.5.1.jar:/home/fahrul/bigdata-project/kafka_2.13-3.5.1/bin/../libs/connect-json-3.5.1.jar:/home/fahrul/bigdata-project/kafka_2.13-3.5.1/bin/../libs/connect-mirror-3.5.1.jar:/home/fahrul/bigdata-project/kafka_2.13-3.5.1/bin/../libs/connect-mirror-client-3.5.1.jar:/home/fahrul/bigdata-project/kafka_2.13-3.5.1/bin/../libs/connect-runtime-3.5.1.jar:/home/fahrul/bigdata-project/kafka_2.13-3.5.1/bin/../libs/connect-transforms-3.5.1.jar:/home/fahrul/bigdata-project/kafka_2.13-3.5.1/bin/../libs/hk2-api-2.6.1.jar:/home/fahrul/bigdata-project/kafka_2.13-3.5.1/bin/../libs/hk2-locator-2.6.1.jar:/home/fahrul/bigdata-project/kafka_2.13-3.5.1/bin/../libs/hk2-utils-2.6.1.jar:/home/fahrul/bigdata-project/kafka_2.13-3.5.1/bin/../libs/jackson-annotations-2.13.5.jar:/home/fahrul/bigdata-project/kafka_2.13-3.5.1/bin/../libs/jackson-core-2.13.5.jar:/home/fahrul/bigdata-project/kafka_2.13-3.5.1/bin/../libs/jackson-databind-2.13.5.jar:/home/fahrul/bigdata-project/kafka_2.13-3.5.1/bin/../libs/jackson-dataformat-csv-2.13.5.jar:/home/fahrul/bigdata-project/kafka_2.13-3.5.1/bin/../libs/jackson-datatype-jdk8-2.13.5.jar:/home/fahrul/bigdata-project/kafka_2.13-3.5.1/bin/../libs/jackson-jaxrs-base-2.13.5.jar:/home/fahrul/bigdata-project/kafka_2.13-3.5.1/bin/../libs/jackson-jaxrs-json-provider-2.13.5.jar:/home/fahrul/bigdata-project/kafka_2.13-3.5.1/bin/../libs/jackson-module-jaxb-annotations-2.13.5.jar:/home/fahrul/bigdata-project/kafka_2.13-3.5.1/bin/../libs/jackson-module-scala_2.13-2.13.5.jar:/home/fahrul/bigdata-project/kafka_2.13-3.5.1/bin/../libs/jakarta.activation-api-1.2.2.jar:/home/fahrul/bigdata-project/kafka_2.13-3.5.1/bin/../libs/jakarta.annotation-api-1.3.5.jar:/home/fahrul/bigdata-project/kafka_2.13-3.5.1/bin/../libs/jakarta.inject-2.6.1.jar:/home/fahrul/bigdata-project/kafka_2.13-3.5.1/bin/../libs/jakarta.validation-api-2.0.2.jar:/home/fahrul/bigdata-project/kafka_2.13-3.5.1/bin/../libs/jakarta.ws.rs-api-2.1.6.jar:/home/fahrul/bigdata-project/kafka_2.13-3.5.1/bin/../libs/jakarta.xml.bind-api-2.3.3.jar:/home/fahrul/bigdata-project/kafka_2.13-3.5.1/bin/../libs/javassist-3.29.2-GA.jar:/home/fahrul/bigdata-project/kafka_2.13-3.5.1/bin/../libs/javax.activation-api-1.2.0.jar:/home/fahrul/bigdata-project/kafka_2.13-3.5.1/bin/../libs/javax.annotation-api-1.3.2.jar:/home/fahrul/bigdata-project/kafka_2.13-3.5.1/bin/../libs/javax.servlet-api-3.1.0.jar:/home/fahrul/bigdata-project/kafka_2.13-3.5.1/bin/../libs/javax.ws.rs-api-2.1.1.jar:/home/fahrul/bigdata-project/kafka_2.13-3.5.1/bin/../libs/jaxb-api-2.3.1.jar:/home/fahrul/bigdata-project/kafka_2.13-3.5.1/bin/../libs/jersey-client-2.39.1.jar:/home/fahrul/bigdata-project/kafka_2.13-3.5.1/bin/../libs/jersey-common-2.39.1.jar:/home/fahrul/bigdata-project/kafka_2.13-3.5.1/bin/../libs/jersey-container-servlet-2.39.1.jar:/home/fahrul/bigdata-project/kafka_2.13-3.5.1/bin/../libs/jersey-container-servlet-core-2.39.1.jar:/home/fahrul/bigdata-project/kafka_2.13-3.5.1/bin/../libs/jersey-hk2-2.39.1.jar:/home/fahrul/bigdata-project/kafka_2.13-3.5.1/bin/../libs/jersey-server-2.39.1.jar:/home/fahrul/bigdata-project/kafka_2.13-3.5.1/bin/../libs/jetty-client-9.4.51.v20230217.jar:/home/fahrul/bigdata-project/kafka_2.13-3.5.1/bin/../libs/jetty-continuation-9.4.51.v20230217.jar:/home/fahrul/bigdata-project/kafka_2.13-3.5.1/bin/../libs/jetty-http-9.4.51.v20230217.jar:/home/fahrul/bigdata-project/kafka_2.13-3.5.1/bin/../libs/jetty-io-9.4.51.v20230217.jar:/home/fahrul/bigdata-project/kafka_2.13-3.5.1/bin/../libs/jetty-security-9.4.51.v20230217.jar:/home/fahrul/bigdata-project/kafka_2.13-3.5.1/bin/../libs/jetty-server-9.4.51.v20230217.jar:/home/fahrul/bigdata-project/kafka_2.13-3.5.1/bin/../libs/jetty-servlet-9.4.51.v20230217.jar:/home/fahrul/bigdata-project/kafka_2.13-3.5.1/bin/../libs/jetty-servlets-9.4.51.v20230217.jar:/home/fahrul/bigdata-project/kafka_2.13-3.5.1/bin/../libs/jetty-util-9.4.51.v20230217.jar:/home/fahrul/bigdata-project/kafka_2.13-3.5.1/bin/../libs/jetty-util-ajax-9.4.51.v20230217.jar:/home/fahrul/bigdata-project/kafka_2.13-3.5.1/bin/../libs/jline-3.22.0.jar:/home/fahrul/bigdata-project/kafka_2.13-3.5.1/bin/../libs/jopt-simple-5.0.4.jar:/home/fahrul/bigdata-project/kafka_2.13-3.5.1/bin/../libs/jose4j-0.9.3.jar:/home/fahrul/bigdata-project/kafka_2.13-3.5.1/bin/../libs/kafka-clients-3.5.1.jar:/home/fahrul/bigdata-project/kafka_2.13-3.5.1/bin/../libs/kafka-group-coordinator-3.5.1.jar:/home/fahrul/bigdata-project/kafka_2.13-3.5.1/bin/../libs/kafka-log4j-appender-3.5.1.jar:/home/fahrul/bigdata-project/kafka_2.13-3.5.1/bin/../libs/kafka-metadata-3.5.1.jar:/home/fahrul/bigdata-project/kafka_2.13-3.5.1/bin/../libs/kafka-raft-3.5.1.jar:/home/fahrul/bigdata-project/kafka_2.13-3.5.1/bin/../libs/kafka-server-common-3.5.1.jar:/home/fahrul/bigdata-project/kafka_2.13-3.5.1/bin/../libs/kafka-shell-3.5.1.jar:/home/fahrul/bigdata-project/kafka_2.13-3.5.1/bin/../libs/kafka-storage-3.5.1.jar:/home/fahrul/bigdata-project/kafka_2.13-3.5.1/bin/../libs/kafka-storage-api-3.5.1.jar:/home/fahrul/bigdata-project/kafka_2.13-3.5.1/bin/../libs/kafka-streams-3.5.1.jar:/home/fahrul/bigdata-project/kafka_2.13-3.5.1/bin/../libs/kafka-streams-examples-3.5.1.jar:/home/fahrul/bigdata-project/kafka_2.13-3.5.1/bin/../libs/kafka-streams-scala_2.13-3.5.1.jar:/home/fahrul/bigdata-project/kafka_2.13-3.5.1/bin/../libs/kafka-streams-test-utils-3.5.1.jar:/home/fahrul/bigdata-project/kafka_2.13-3.5.1/bin/../libs/kafka-tools-3.5.1.jar:/home/fahrul/bigdata-project/kafka_2.13-3.5.1/bin/../libs/kafka-tools-api-3.5.1.jar:/home/fahrul/bigdata-project/kafka_2.13-3.5.1/bin/../libs/kafka_2.13-3.5.1.jar:/home/fahrul/bigdata-project/kafka_2.13-3.5.1/bin/../libs/lz4-java-1.8.0.jar:/home/fahrul/bigdata-project/kafka_2.13-3.5.1/bin/../libs/maven-artifact-3.8.8.jar:/home/fahrul/bigdata-project/kafka_2.13-3.5.1/bin/../libs/metrics-core-2.2.0.jar:/home/fahrul/bigdata-project/kafka_2.13-3.5.1/bin/../libs/metrics-core-4.1.12.1.jar:/home/fahrul/bigdata-project/kafka_2.13-3.5.1/bin/../libs/netty-buffer-4.1.94.Final.jar:/home/fahrul/bigdata-project/kafka_2.13-3.5.1/bin/../libs/netty-codec-4.1.94.Final.jar:/home/fahrul/bigdata-project/kafka_2.13-3.5.1/bin/../libs/netty-common-4.1.94.Final.jar:/home/fahrul/bigdata-project/kafka_2.13-3.5.1/bin/../libs/netty-handler-4.1.94.Final.jar:/home/fahrul/bigdata-project/kafka_2.13-3.5.1/bin/../libs/netty-resolver-4.1.94.Final.jar:/home/fahrul/bigdata-project/kafka_2.13-3.5.1/bin/../libs/netty-transport-4.1.94.Final.jar:/home/fahrul/bigdata-project/kafka_2.13-3.5.1/bin/../libs/netty-transport-classes-epoll-4.1.94.Final.jar:/home/fahrul/bigdata-project/kafka_2.13-3.5.1/bin/../libs/netty-transport-native-epoll-4.1.94.Final.jar:/home/fahrul/bigdata-project/kafka_2.13-3.5.1/bin/../libs/netty-transport-native-unix-common-4.1.94.Final.jar:/home/fahrul/bigdata-project/kafka_2.13-3.5.1/bin/../libs/osgi-resource-locator-1.0.3.jar:/home/fahrul/bigdata-project/kafka_2.13-3.5.1/bin/../libs/paranamer-2.8.jar:/home/fahrul/bigdata-project/kafka_2.13-3.5.1/bin/../libs/plexus-utils-3.3.1.jar:/home/fahrul/bigdata-project/kafka_2.13-3.5.1/bin/../libs/reflections-0.9.12.jar:/home/fahrul/bigdata-project/kafka_2.13-3.5.1/bin/../libs/reload4j-1.2.25.jar:/home/fahrul/bigdata-project/kafka_2.13-3.5.1/bin/../libs/rocksdbjni-7.1.2.jar:/home/fahrul/bigdata-project/kafka_2.13-3.5.1/bin/../libs/scala-collection-compat_2.13-2.10.0.jar:/home/fahrul/bigdata-project/kafka_2.13-3.5.1/bin/../libs/scala-java8-compat_2.13-1.0.2.jar:/home/fahrul/bigdata-project/kafka_2.13-3.5.1/bin/../libs/scala-library-2.13.10.jar:/home/fahrul/bigdata-project/kafka_2.13-3.5.1/bin/../libs/scala-logging_2.13-3.9.4.jar:/home/fahrul/bigdata-project/kafka_2.13-3.5.1/bin/../libs/scala-reflect-2.13.10.jar:/home/fahrul/bigdata-project/kafka_2.13-3.5.1/bin/../libs/slf4j-api-1.7.36.jar:/home/fahrul/bigdata-project/kafka_2.13-3.5.1/bin/../libs/slf4j-reload4j-1.7.36.jar:/home/fahrul/bigdata-project/kafka_2.13-3.5.1/bin/../libs/snappy-java-1.1.10.1.jar:/home/fahrul/bigdata-project/kafka_2.13-3.5.1/bin/../libs/swagger-annotations-2.2.8.jar:/home/fahrul/bigdata-project/kafka_2.13-3.5.1/bin/../libs/trogdor-3.5.1.jar:/home/fahrul/bigdata-project/kafka_2.13-3.5.1/bin/../libs/zookeeper-3.6.4.jar:/home/fahrul/bigdata-project/kafka_2.13-3.5.1/bin/../libs/zookeeper-jute-3.6.4.jar:/home/fahrul/bigdata-project/kafka_2.13-3.5.1/bin/../libs/zstd-jni-1.5.5-1.jar (org.apache.zookeeper.ZooKeeper)
[2026-04-18 13:12:43,638] INFO Client environment:java.library.path=/usr/java/packages/lib:/usr/lib/x86_64-linux-gnu/jni:/lib/x86_64-linux-gnu:/usr/lib/x86_64-linux-gnu:/usr/lib/jni:/lib:/usr/lib (org.apache.zookeeper.ZooKeeper)
[2026-04-18 13:12:43,638] INFO Client environment:java.io.tmpdir=/tmp (org.apache.zookeeper.ZooKeeper)
[2026-04-18 13:12:43,638] INFO Client environment:java.compiler=<NA> (org.apache.zookeeper.ZooKeeper)
[2026-04-18 13:12:43,638] INFO Client environment:os.name=Linux (org.apache.zookeeper.ZooKeeper)
[2026-04-18 13:12:43,639] INFO Client environment:os.arch=amd64 (org.apache.zookeeper.ZooKeeper)
[2026-04-18 13:12:43,639] INFO Client environment:os.version=6.6.87.2-microsoft-standard-WSL2 (org.apache.zookeeper.ZooKeeper)
[2026-04-18 13:12:43,639] INFO Client environment:user.name=fahrul (org.apache.zookeeper.ZooKeeper)
[2026-04-18 13:12:43,639] INFO Client environment:user.home=/home/fahrul (org.apache.zookeeper.ZooKeeper)
[2026-04-18 13:12:43,639] INFO Client environment:user.dir=/home/fahrul/bigdata-project/kafka_2.13-3.5.1 (org.apache.zookeeper.ZooKeeper)
[2026-04-18 13:12:43,639] INFO Client environment:os.memory.free=1014MB (org.apache.zookeeper.ZooKeeper)
[2026-04-18 13:12:43,639] INFO Client environment:os.memory.max=1024MB (org.apache.zookeeper.ZooKeeper)
[2026-04-18 13:12:43,639] INFO Client environment:os.memory.total=1024MB (org.apache.zookeeper.ZooKeeper)
[2026-04-18 13:12:43,643] INFO Initiating client connection, connectString=localhost:2181 sessionTimeout=18000 watcher=kafka.zookeeper.ZooKeeperClient$ZooKeeperClientWatcher$@7b993c65 (org.apache.zookeeper.ZooKeeper)
[2026-04-18 13:12:43,651] INFO jute.maxbuffer value is 4194304 Bytes (org.apache.zookeeper.ClientCnxnSocket)
[2026-04-18 13:12:43,661] INFO zookeeper.request.timeout value is 0. feature enabled=false (org.apache.zookeeper.ClientCnxn)
[2026-04-18 13:12:43,666] INFO [ZooKeeperClient Kafka server] Waiting until connected. (kafka.zookeeper.ZooKeeperClient)
[2026-04-18 13:12:43,669] INFO Opening socket connection to server localhost/127.0.0.1:2181. (org.apache.zookeeper.ClientCnxn)
[2026-04-18 13:12:43,680] INFO Socket connection established, initiating session, client: /127.0.0.1:55882, server: localhost/127.0.0.1:2181 (org.apache.zookeeper.ClientCnxn)
[2026-04-18 13:12:43,705] INFO Session establishment complete on server localhost/127.0.0.1:2181, session id = 0x100007132a70000, negotiated timeout = 18000 (org.apache.zookeeper.ClientCnxn)
[2026-04-18 13:12:43,711] INFO [ZooKeeperClient Kafka server] Connected. (kafka.zookeeper.ZooKeeperClient)
[2026-04-18 13:12:44,091] INFO Cluster ID = Bp24PXLKQxG4d7Zajac37w (kafka.server.KafkaServer)
[2026-04-18 13:12:44,172] INFO KafkaConfig values: 
	advertised.listeners = null
	alter.config.policy.class.name = null
	alter.log.dirs.replication.quota.window.num = 11
	alter.log.dirs.replication.quota.window.size.seconds = 1
	authorizer.class.name = 
	auto.create.topics.enable = true
	auto.include.jmx.reporter = true
	auto.leader.rebalance.enable = true
	background.threads = 10
	broker.heartbeat.interval.ms = 2000
	broker.id = 0
	broker.id.generation.enable = true
	broker.rack = null
	broker.session.timeout.ms = 9000
	client.quota.callback.class = null
	compression.type = producer
	connection.failed.authentication.delay.ms = 100
	connections.max.idle.ms = 600000
	connections.max.reauth.ms = 0
	control.plane.listener.name = null
	controlled.shutdown.enable = true
	controlled.shutdown.max.retries = 3
	controlled.shutdown.retry.backoff.ms = 5000
	controller.listener.names = null
	controller.quorum.append.linger.ms = 25
	controller.quorum.election.backoff.max.ms = 1000
	controller.quorum.election.timeout.ms = 1000
	controller.quorum.fetch.timeout.ms = 2000
	controller.quorum.request.timeout.ms = 2000
	controller.quorum.retry.backoff.ms = 20
	controller.quorum.voters = []
	controller.quota.window.num = 11
	controller.quota.window.size.seconds = 1
	controller.socket.timeout.ms = 30000
	create.topic.policy.class.name = null
	default.replication.factor = 1
	delegation.token.expiry.check.interval.ms = 3600000
	delegation.token.expiry.time.ms = 86400000
	delegation.token.master.key = null
	delegation.token.max.lifetime.ms = 604800000
	delegation.token.secret.key = null
	delete.records.purgatory.purge.interval.requests = 1
	delete.topic.enable = true
	early.start.listeners = null
	fetch.max.bytes = 57671680
	fetch.purgatory.purge.interval.requests = 1000
	group.consumer.assignors = []
	group.consumer.heartbeat.interval.ms = 5000
	group.consumer.max.heartbeat.interval.ms = 15000
	group.consumer.max.session.timeout.ms = 60000
	group.consumer.max.size = 2147483647
	group.consumer.min.heartbeat.interval.ms = 5000
	group.consumer.min.session.timeout.ms = 45000
	group.consumer.session.timeout.ms = 45000
	group.coordinator.new.enable = false
	group.coordinator.threads = 1
	group.initial.rebalance.delay.ms = 0
	group.max.session.timeout.ms = 1800000
	group.max.size = 2147483647
	group.min.session.timeout.ms = 6000
	initial.broker.registration.timeout.ms = 60000
	inter.broker.listener.name = null
	inter.broker.protocol.version = 3.5-IV2
	kafka.metrics.polling.interval.secs = 10
	kafka.metrics.reporters = []
	leader.imbalance.check.interval.seconds = 300
	leader.imbalance.per.broker.percentage = 10
	listener.security.protocol.map = PLAINTEXT:PLAINTEXT,SSL:SSL,SASL_PLAINTEXT:SASL_PLAINTEXT,SASL_SSL:SASL_SSL
	listeners = PLAINTEXT://:9092
	log.cleaner.backoff.ms = 15000
	log.cleaner.dedupe.buffer.size = 134217728
	log.cleaner.delete.retention.ms = 86400000
	log.cleaner.enable = true
	log.cleaner.io.buffer.load.factor = 0.9
	log.cleaner.io.buffer.size = 524288
	log.cleaner.io.max.bytes.per.second = 1.7976931348623157E308
	log.cleaner.max.compaction.lag.ms = 9223372036854775807
	log.cleaner.min.cleanable.ratio = 0.5
	log.cleaner.min.compaction.lag.ms = 0
	log.cleaner.threads = 1
	log.cleanup.policy = [delete]
	log.dir = /tmp/kafka-logs
	log.dirs = /tmp/kafka-logs
	log.flush.interval.messages = 9223372036854775807
	log.flush.interval.ms = null
	log.flush.offset.checkpoint.interval.ms = 60000
	log.flush.scheduler.interval.ms = 9223372036854775807
	log.flush.start.offset.checkpoint.interval.ms = 60000
	log.index.interval.bytes = 4096
	log.index.size.max.bytes = 10485760
	log.message.downconversion.enable = true
	log.message.format.version = 3.0-IV1
	log.message.timestamp.difference.max.ms = 9223372036854775807
	log.message.timestamp.type = CreateTime
	log.preallocate = false
	log.retention.bytes = -1
	log.retention.check.interval.ms = 300000
	log.retention.hours = 168
	log.retention.minutes = null
	log.retention.ms = null
	log.roll.hours = 168
	log.roll.jitter.hours = 0
	log.roll.jitter.ms = null
	log.roll.ms = null
	log.segment.bytes = 1073741824
	log.segment.delete.delay.ms = 60000
	max.connection.creation.rate = 2147483647
	max.connections = 2147483647
	max.connections.per.ip = 2147483647
	max.connections.per.ip.overrides = 
	max.incremental.fetch.session.cache.slots = 1000
	message.max.bytes = 1048588
	metadata.log.dir = null
	metadata.log.max.record.bytes.between.snapshots = 20971520
	metadata.log.max.snapshot.interval.ms = 3600000
	metadata.log.segment.bytes = 1073741824
	metadata.log.segment.min.bytes = 8388608
	metadata.log.segment.ms = 604800000
	metadata.max.idle.interval.ms = 500
	metadata.max.retention.bytes = 104857600
	metadata.max.retention.ms = 604800000
	metric.reporters = []
	metrics.num.samples = 2
	metrics.recording.level = INFO
	metrics.sample.window.ms = 30000
	min.insync.replicas = 1
	node.id = 0
	num.io.threads = 8
	num.network.threads = 3
	num.partitions = 1
	num.recovery.threads.per.data.dir = 1
	num.replica.alter.log.dirs.threads = null
	num.replica.fetchers = 1
	offset.metadata.max.bytes = 4096
	offsets.commit.required.acks = -1
	offsets.commit.timeout.ms = 5000
	offsets.load.buffer.size = 5242880
	offsets.retention.check.interval.ms = 600000
	offsets.retention.minutes = 10080
	offsets.topic.compression.codec = 0
	offsets.topic.num.partitions = 50
	offsets.topic.replication.factor = 1
	offsets.topic.segment.bytes = 104857600
	password.encoder.cipher.algorithm = AES/CBC/PKCS5Padding
	password.encoder.iterations = 4096
	password.encoder.key.length = 128
	password.encoder.keyfactory.algorithm = null
	password.encoder.old.secret = null
	password.encoder.secret = null
	principal.builder.class = class org.apache.kafka.common.security.authenticator.DefaultKafkaPrincipalBuilder
	process.roles = []
	producer.id.expiration.check.interval.ms = 600000
	producer.id.expiration.ms = 86400000
	producer.purgatory.purge.interval.requests = 1000
	queued.max.request.bytes = -1
	queued.max.requests = 500
	quota.window.num = 11
	quota.window.size.seconds = 1
	remote.log.index.file.cache.total.size.bytes = 1073741824
	remote.log.manager.task.interval.ms = 30000
	remote.log.manager.task.retry.backoff.max.ms = 30000
	remote.log.manager.task.retry.backoff.ms = 500
	remote.log.manager.task.retry.jitter = 0.2
	remote.log.manager.thread.pool.size = 10
	remote.log.metadata.manager.class.name = null
	remote.log.metadata.manager.class.path = null
	remote.log.metadata.manager.impl.prefix = null
	remote.log.metadata.manager.listener.name = null
	remote.log.reader.max.pending.tasks = 100
	remote.log.reader.threads = 10
	remote.log.storage.manager.class.name = null
	remote.log.storage.manager.class.path = null
	remote.log.storage.manager.impl.prefix = null
	remote.log.storage.system.enable = false
	replica.fetch.backoff.ms = 1000
	replica.fetch.max.bytes = 1048576
	replica.fetch.min.bytes = 1
	replica.fetch.response.max.bytes = 10485760
	replica.fetch.wait.max.ms = 500
	replica.high.watermark.checkpoint.interval.ms = 5000
	replica.lag.time.max.ms = 30000
	replica.selector.class = null
	replica.socket.receive.buffer.bytes = 65536
	replica.socket.timeout.ms = 30000
	replication.quota.window.num = 11
	replication.quota.window.size.seconds = 1
	request.timeout.ms = 30000
	reserved.broker.max.id = 1000
	sasl.client.callback.handler.class = null
	sasl.enabled.mechanisms = [GSSAPI]
	sasl.jaas.config = null
	sasl.kerberos.kinit.cmd = /usr/bin/kinit
	sasl.kerberos.min.time.before.relogin = 60000
	sasl.kerberos.principal.to.local.rules = [DEFAULT]
	sasl.kerberos.service.name = null
	sasl.kerberos.ticket.renew.jitter = 0.05
	sasl.kerberos.ticket.renew.window.factor = 0.8
	sasl.login.callback.handler.class = null
	sasl.login.class = null
	sasl.login.connect.timeout.ms = null
	sasl.login.read.timeout.ms = null
	sasl.login.refresh.buffer.seconds = 300
	sasl.login.refresh.min.period.seconds = 60
	sasl.login.refresh.window.factor = 0.8
	sasl.login.refresh.window.jitter = 0.05
	sasl.login.retry.backoff.max.ms = 10000
	sasl.login.retry.backoff.ms = 100
	sasl.mechanism.controller.protocol = GSSAPI
	sasl.mechanism.inter.broker.protocol = GSSAPI
	sasl.oauthbearer.clock.skew.seconds = 30
	sasl.oauthbearer.expected.audience = null
	sasl.oauthbearer.expected.issuer = null
	sasl.oauthbearer.jwks.endpoint.refresh.ms = 3600000
	sasl.oauthbearer.jwks.endpoint.retry.backoff.max.ms = 10000
	sasl.oauthbearer.jwks.endpoint.retry.backoff.ms = 100
	sasl.oauthbearer.jwks.endpoint.url = null
	sasl.oauthbearer.scope.claim.name = scope
	sasl.oauthbearer.sub.claim.name = sub
	sasl.oauthbearer.token.endpoint.url = null
	sasl.server.callback.handler.class = null
	sasl.server.max.receive.size = 524288
	security.inter.broker.protocol = PLAINTEXT
	security.providers = null
	server.max.startup.time.ms = 9223372036854775807
	socket.connection.setup.timeout.max.ms = 30000
	socket.connection.setup.timeout.ms = 10000
	socket.listen.backlog.size = 50
	socket.receive.buffer.bytes = 102400
	socket.request.max.bytes = 104857600
	socket.send.buffer.bytes = 102400
	ssl.cipher.suites = []
	ssl.client.auth = none
	ssl.enabled.protocols = [TLSv1.2, TLSv1.3]
	ssl.endpoint.identification.algorithm = https
	ssl.engine.factory.class = null
	ssl.key.password = null
	ssl.keymanager.algorithm = SunX509
	ssl.keystore.certificate.chain = null
	ssl.keystore.key = null
	ssl.keystore.location = null
	ssl.keystore.password = null
	ssl.keystore.type = JKS
	ssl.principal.mapping.rules = DEFAULT
	ssl.protocol = TLSv1.3
	ssl.provider = null
	ssl.secure.random.implementation = null
	ssl.trustmanager.algorithm = PKIX
	ssl.truststore.certificates = null
	ssl.truststore.location = null
	ssl.truststore.password = null
	ssl.truststore.type = JKS
	transaction.abort.timed.out.transaction.cleanup.interval.ms = 10000
	transaction.max.timeout.ms = 900000
	transaction.remove.expired.transaction.cleanup.interval.ms = 3600000
	transaction.state.log.load.buffer.size = 5242880
	transaction.state.log.min.isr = 1
	transaction.state.log.num.partitions = 50
	transaction.state.log.replication.factor = 1
	transaction.state.log.segment.bytes = 104857600
	transactional.id.expiration.ms = 604800000
	unclean.leader.election.enable = false
	unstable.api.versions.enable = false
	zookeeper.clientCnxnSocket = null
	zookeeper.connect = localhost:2181
	zookeeper.connection.timeout.ms = 18000
	zookeeper.max.in.flight.requests = 10
	zookeeper.metadata.migration.enable = false
	zookeeper.session.timeout.ms = 18000
	zookeeper.set.acl = false
	zookeeper.ssl.cipher.suites = null
	zookeeper.ssl.client.enable = false
	zookeeper.ssl.crl.enable = false
	zookeeper.ssl.enabled.protocols = null
	zookeeper.ssl.endpoint.identification.algorithm = HTTPS
	zookeeper.ssl.keystore.location = null
	zookeeper.ssl.keystore.password = null
	zookeeper.ssl.keystore.type = null
	zookeeper.ssl.ocsp.enable = false
	zookeeper.ssl.protocol = TLSv1.2
	zookeeper.ssl.truststore.location = null
	zookeeper.ssl.truststore.password = null
	zookeeper.ssl.truststore.type = null
 (kafka.server.KafkaConfig)
[2026-04-18 13:12:44,227] INFO [ThrottledChannelReaper-Fetch]: Starting (kafka.server.ClientQuotaManager$ThrottledChannelReaper)
[2026-04-18 13:12:44,229] INFO [ThrottledChannelReaper-Produce]: Starting (kafka.server.ClientQuotaManager$ThrottledChannelReaper)
[2026-04-18 13:12:44,232] INFO [ThrottledChannelReaper-Request]: Starting (kafka.server.ClientQuotaManager$ThrottledChannelReaper)
[2026-04-18 13:12:44,236] INFO [ThrottledChannelReaper-ControllerMutation]: Starting (kafka.server.ClientQuotaManager$ThrottledChannelReaper)
[2026-04-18 13:12:44,312] INFO Loading logs from log dirs ArraySeq(/tmp/kafka-logs) (kafka.log.LogManager)
[2026-04-18 13:12:44,332] INFO Skipping recovery of 1 logs from /tmp/kafka-logs since clean shutdown file was found (kafka.log.LogManager)
[2026-04-18 13:12:44,441] INFO [LogLoader partition=bank_topic-0, dir=/tmp/kafka-logs] Loading producer state till offset 319 with message format version 2 (kafka.log.UnifiedLog$)
[2026-04-18 13:12:44,442] INFO [LogLoader partition=bank_topic-0, dir=/tmp/kafka-logs] Reloading from producer snapshot and rebuilding producer state from offset 319 (kafka.log.UnifiedLog$)
[2026-04-18 13:12:44,442] INFO [ProducerStateManager partition=bank_topic-0]Loading producer state from snapshot file 'SnapshotFile(offset=319, file=/tmp/kafka-logs/bank_topic-0/00000000000000000319.snapshot)' (org.apache.kafka.storage.internals.log.ProducerStateManager)
[2026-04-18 13:12:44,451] INFO [LogLoader partition=bank_topic-0, dir=/tmp/kafka-logs] Producer state recovery took 9ms for snapshot load and 0ms for segment recovery from offset 319 (kafka.log.UnifiedLog$)
[2026-04-18 13:12:44,482] INFO Completed load of Log(dir=/tmp/kafka-logs/bank_topic-0, topicId=9ZMdX9_VRxmC_zNHSSFszQ, topic=bank_topic, partition=0, highWatermark=0, lastStableOffset=0, logStartOffset=0, logEndOffset=319) with 1 segments in 141ms (1/1 completed in /tmp/kafka-logs) (kafka.log.LogManager)
[2026-04-18 13:12:44,489] INFO Loaded 1 logs in 175ms (kafka.log.LogManager)
[2026-04-18 13:12:44,491] INFO Starting log cleanup with a period of 300000 ms. (kafka.log.LogManager)
[2026-04-18 13:12:44,492] INFO Starting log flusher with a default period of 9223372036854775807 ms. (kafka.log.LogManager)
[2026-04-18 13:12:44,771] INFO [kafka-log-cleaner-thread-0]: Starting (kafka.log.LogCleaner$CleanerThread)
[2026-04-18 13:12:44,795] INFO [feature-zk-node-event-process-thread]: Starting (kafka.server.FinalizedFeatureChangeListener$ChangeNotificationProcessorThread)
[2026-04-18 13:12:44,826] INFO [MetadataCache brokerId=0] Updated cache from existing <empty> to latest FinalizedFeaturesAndEpoch(features=Map(), epoch=0). (kafka.server.metadata.ZkMetadataCache)
[2026-04-18 13:12:44,863] INFO [zk-broker-0-to-controller-forwarding-channel-manager]: Starting (kafka.server.BrokerToControllerRequestThread)
[2026-04-18 13:12:45,305] INFO Updated connection-accept-rate max connection creation rate to 2147483647 (kafka.network.ConnectionQuotas)
[2026-04-18 13:12:45,341] INFO [SocketServer listenerType=ZK_BROKER, nodeId=0] Created data-plane acceptor and processors for endpoint : ListenerName(PLAINTEXT) (kafka.network.SocketServer)
[2026-04-18 13:12:45,349] INFO [zk-broker-0-to-controller-alter-partition-channel-manager]: Starting (kafka.server.BrokerToControllerRequestThread)
[2026-04-18 13:12:45,378] INFO [ExpirationReaper-0-Produce]: Starting (kafka.server.DelayedOperationPurgatory$ExpiredOperationReaper)
[2026-04-18 13:12:45,379] INFO [ExpirationReaper-0-Fetch]: Starting (kafka.server.DelayedOperationPurgatory$ExpiredOperationReaper)
[2026-04-18 13:12:45,382] INFO [ExpirationReaper-0-DeleteRecords]: Starting (kafka.server.DelayedOperationPurgatory$ExpiredOperationReaper)
[2026-04-18 13:12:45,383] INFO [ExpirationReaper-0-ElectLeader]: Starting (kafka.server.DelayedOperationPurgatory$ExpiredOperationReaper)
[2026-04-18 13:12:45,400] INFO [LogDirFailureHandler]: Starting (kafka.server.ReplicaManager$LogDirFailureHandler)
[2026-04-18 13:12:45,463] INFO Creating /brokers/ids/0 (is it secure? false) (kafka.zk.KafkaZkClient)
[2026-04-18 13:12:45,492] INFO Stat of the created znode at /brokers/ids/0 is: 52,52,1776489165482,1776489165482,1,0,0,72058080219037696,214,0,52
 (kafka.zk.KafkaZkClient)
[2026-04-18 13:12:45,493] INFO Registered broker 0 at path /brokers/ids/0 with addresses: PLAINTEXT://MSI.localdomain:9092, czxid (broker epoch): 52 (kafka.zk.KafkaZkClient)
[2026-04-18 13:12:45,603] INFO [ExpirationReaper-0-topic]: Starting (kafka.server.DelayedOperationPurgatory$ExpiredOperationReaper)
[2026-04-18 13:12:45,617] INFO [ExpirationReaper-0-Heartbeat]: Starting (kafka.server.DelayedOperationPurgatory$ExpiredOperationReaper)
[2026-04-18 13:12:45,618] INFO [ExpirationReaper-0-Rebalance]: Starting (kafka.server.DelayedOperationPurgatory$ExpiredOperationReaper)
[2026-04-18 13:12:45,641] INFO [GroupCoordinator 0]: Starting up. (kafka.coordinator.group.GroupCoordinator)
[2026-04-18 13:12:45,647] INFO [GroupCoordinator 0]: Startup complete. (kafka.coordinator.group.GroupCoordinator)
[2026-04-18 13:12:45,669] INFO [TransactionCoordinator id=0] Starting up. (kafka.coordinator.transaction.TransactionCoordinator)
[2026-04-18 13:12:45,674] INFO [TransactionCoordinator id=0] Startup complete. (kafka.coordinator.transaction.TransactionCoordinator)
[2026-04-18 13:12:45,674] INFO [TxnMarkerSenderThread-0]: Starting (kafka.coordinator.transaction.TransactionMarkerChannelManager)
[2026-04-18 13:12:45,742] INFO [ExpirationReaper-0-AlterAcls]: Starting (kafka.server.DelayedOperationPurgatory$ExpiredOperationReaper)
[2026-04-18 13:12:45,764] INFO [Controller id=0, targetBrokerId=0] Node 0 disconnected. (org.apache.kafka.clients.NetworkClient)
[2026-04-18 13:12:45,766] WARN [Controller id=0, targetBrokerId=0] Connection to node 0 (MSI.localdomain/127.0.1.1:9092) could not be established. Broker may not be available. (org.apache.kafka.clients.NetworkClient)
[2026-04-18 13:12:45,773] INFO [Controller id=0, targetBrokerId=0] Client requested connection close from node 0 (org.apache.kafka.clients.NetworkClient)
[2026-04-18 13:12:45,781] INFO [/config/changes-event-process-thread]: Starting (kafka.common.ZkNodeChangeNotificationListener$ChangeEventProcessThread)
[2026-04-18 13:12:45,814] INFO [SocketServer listenerType=ZK_BROKER, nodeId=0] Enabling request processing. (kafka.network.SocketServer)
[2026-04-18 13:12:45,819] INFO Awaiting socket connections on 0.0.0.0:9092. (kafka.network.DataPlaneAcceptor)
[2026-04-18 13:12:45,833] INFO Kafka version: 3.5.1 (org.apache.kafka.common.utils.AppInfoParser)
[2026-04-18 13:12:45,833] INFO Kafka commitId: 2c6fb6c54472e90a (org.apache.kafka.common.utils.AppInfoParser)
[2026-04-18 13:12:45,834] INFO Kafka startTimeMs: 1776489165825 (org.apache.kafka.common.utils.AppInfoParser)
[2026-04-18 13:12:45,836] INFO [KafkaServer id=0] started (kafka.server.KafkaServer)
[2026-04-18 13:12:45,956] INFO [zk-broker-0-to-controller-alter-partition-channel-manager]: Recorded new controller, from now on will use node MSI.localdomain:9092 (id: 0 rack: null) (kafka.server.BrokerToControllerRequestThread)
[2026-04-18 13:12:45,981] INFO [zk-broker-0-to-controller-forwarding-channel-manager]: Recorded new controller, from now on will use node MSI.localdomain:9092 (id: 0 rack: null) (kafka.server.BrokerToControllerRequestThread)
[2026-04-18 13:12:46,000] INFO [ReplicaFetcherManager on broker 0] Removed fetcher for partitions Set(bank_topic-0) (kafka.server.ReplicaFetcherManager)
[2026-04-18 13:12:46,016] INFO [Partition bank_topic-0 broker=0] Log loaded for partition bank_topic-0 with initial high watermark 319 (kafka.cluster.Partition)
[2026-04-18 13:21:10,250] WARN Session 0x100007132a70000 for server localhost/127.0.0.1:2181, Closing socket connection. Attempting reconnect except it is a SessionExpiredException. (org.apache.zookeeper.ClientCnxn)
EndOfStreamException: Unable to read additional data from server sessionid 0x100007132a70000, likely server has closed socket
	at org.apache.zookeeper.ClientCnxnSocketNIO.doIO(ClientCnxnSocketNIO.java:77)
	at org.apache.zookeeper.ClientCnxnSocketNIO.doTransport(ClientCnxnSocketNIO.java:350)
	at org.apache.zookeeper.ClientCnxn$SendThread.run(ClientCnxn.java:1293)
[2026-04-18 13:21:10,528] INFO Terminating process due to signal SIGHUP (org.apache.kafka.common.utils.LoggingSignalHandler)
[2026-04-18 13:21:10,562] INFO [KafkaServer id=0] shutting down (kafka.server.KafkaServer)
[2026-04-18 13:21:10,588] INFO [KafkaServer id=0] Starting controlled shutdown (kafka.server.KafkaServer)
[2026-04-18 13:21:10,679] INFO [KafkaServer id=0] Controlled shutdown request returned successfully after 54ms (kafka.server.KafkaServer)
[2026-04-18 13:21:10,694] INFO [/config/changes-event-process-thread]: Shutting down (kafka.common.ZkNodeChangeNotificationListener$ChangeEventProcessThread)
[2026-04-18 13:21:10,696] INFO [/config/changes-event-process-thread]: Stopped (kafka.common.ZkNodeChangeNotificationListener$ChangeEventProcessThread)
[2026-04-18 13:21:10,696] INFO [/config/changes-event-process-thread]: Shutdown completed (kafka.common.ZkNodeChangeNotificationListener$ChangeEventProcessThread)
[2026-04-18 13:21:10,700] INFO [SocketServer listenerType=ZK_BROKER, nodeId=0] Stopping socket server request processors (kafka.network.SocketServer)
[2026-04-18 13:21:10,730] INFO [SocketServer listenerType=ZK_BROKER, nodeId=0] Stopped socket server request processors (kafka.network.SocketServer)
[2026-04-18 13:21:10,735] INFO [data-plane Kafka Request Handler on Broker 0], shutting down (kafka.server.KafkaRequestHandlerPool)
[2026-04-18 13:21:10,743] INFO [data-plane Kafka Request Handler on Broker 0], shut down completely (kafka.server.KafkaRequestHandlerPool)
[2026-04-18 13:21:10,758] INFO [ExpirationReaper-0-AlterAcls]: Shutting down (kafka.server.DelayedOperationPurgatory$ExpiredOperationReaper)
[2026-04-18 13:21:10,762] INFO [ExpirationReaper-0-AlterAcls]: Stopped (kafka.server.DelayedOperationPurgatory$ExpiredOperationReaper)
[2026-04-18 13:21:10,762] INFO [ExpirationReaper-0-AlterAcls]: Shutdown completed (kafka.server.DelayedOperationPurgatory$ExpiredOperationReaper)
[2026-04-18 13:21:10,764] INFO [KafkaApi-0] Shutdown complete. (kafka.server.KafkaApis)
[2026-04-18 13:21:10,767] INFO [ExpirationReaper-0-topic]: Shutting down (kafka.server.DelayedOperationPurgatory$ExpiredOperationReaper)
[2026-04-18 13:21:10,769] INFO [ExpirationReaper-0-topic]: Stopped (kafka.server.DelayedOperationPurgatory$ExpiredOperationReaper)
[2026-04-18 13:21:10,769] INFO [ExpirationReaper-0-topic]: Shutdown completed (kafka.server.DelayedOperationPurgatory$ExpiredOperationReaper)
[2026-04-18 13:21:10,776] INFO [TransactionCoordinator id=0] Shutting down. (kafka.coordinator.transaction.TransactionCoordinator)
[2026-04-18 13:21:10,780] INFO [Transaction State Manager 0]: Shutdown complete (kafka.coordinator.transaction.TransactionStateManager)
[2026-04-18 13:21:10,781] INFO [TxnMarkerSenderThread-0]: Shutting down (kafka.coordinator.transaction.TransactionMarkerChannelManager)
[2026-04-18 13:21:10,782] INFO [TxnMarkerSenderThread-0]: Stopped (kafka.coordinator.transaction.TransactionMarkerChannelManager)
[2026-04-18 13:21:10,782] INFO [TxnMarkerSenderThread-0]: Shutdown completed (kafka.coordinator.transaction.TransactionMarkerChannelManager)
[2026-04-18 13:21:10,785] INFO [TransactionCoordinator id=0] Shutdown complete. (kafka.coordinator.transaction.TransactionCoordinator)
[2026-04-18 13:21:10,789] INFO [GroupCoordinator 0]: Shutting down. (kafka.coordinator.group.GroupCoordinator)
[2026-04-18 13:21:10,793] INFO [ExpirationReaper-0-Heartbeat]: Shutting down (kafka.server.DelayedOperationPurgatory$ExpiredOperationReaper)
[2026-04-18 13:21:10,795] INFO [ExpirationReaper-0-Heartbeat]: Stopped (kafka.server.DelayedOperationPurgatory$ExpiredOperationReaper)
[2026-04-18 13:21:10,795] INFO [ExpirationReaper-0-Heartbeat]: Shutdown completed (kafka.server.DelayedOperationPurgatory$ExpiredOperationReaper)
[2026-04-18 13:21:10,796] INFO [ExpirationReaper-0-Rebalance]: Shutting down (kafka.server.DelayedOperationPurgatory$ExpiredOperationReaper)
[2026-04-18 13:21:10,798] INFO [ExpirationReaper-0-Rebalance]: Stopped (kafka.server.DelayedOperationPurgatory$ExpiredOperationReaper)
[2026-04-18 13:21:10,798] INFO [ExpirationReaper-0-Rebalance]: Shutdown completed (kafka.server.DelayedOperationPurgatory$ExpiredOperationReaper)
[2026-04-18 13:21:10,800] INFO [GroupCoordinator 0]: Shutdown complete. (kafka.coordinator.group.GroupCoordinator)
[2026-04-18 13:21:10,802] INFO [ReplicaManager broker=0] Shutting down (kafka.server.ReplicaManager)
[2026-04-18 13:21:10,803] INFO [LogDirFailureHandler]: Shutting down (kafka.server.ReplicaManager$LogDirFailureHandler)
[2026-04-18 13:21:10,805] INFO [LogDirFailureHandler]: Stopped (kafka.server.ReplicaManager$LogDirFailureHandler)
[2026-04-18 13:21:10,805] INFO [LogDirFailureHandler]: Shutdown completed (kafka.server.ReplicaManager$LogDirFailureHandler)
[2026-04-18 13:21:10,807] INFO [ReplicaFetcherManager on broker 0] shutting down (kafka.server.ReplicaFetcherManager)
[2026-04-18 13:21:10,810] INFO [ReplicaFetcherManager on broker 0] shutdown completed (kafka.server.ReplicaFetcherManager)
[2026-04-18 13:21:10,811] INFO [ReplicaAlterLogDirsManager on broker 0] shutting down (kafka.server.ReplicaAlterLogDirsManager)
[2026-04-18 13:21:10,811] INFO [ReplicaAlterLogDirsManager on broker 0] shutdown completed (kafka.server.ReplicaAlterLogDirsManager)
[2026-04-18 13:21:10,812] INFO [ExpirationReaper-0-Fetch]: Shutting down (kafka.server.DelayedOperationPurgatory$ExpiredOperationReaper)
[2026-04-18 13:21:10,814] INFO [ExpirationReaper-0-Fetch]: Stopped (kafka.server.DelayedOperationPurgatory$ExpiredOperationReaper)
[2026-04-18 13:21:10,814] INFO [ExpirationReaper-0-Fetch]: Shutdown completed (kafka.server.DelayedOperationPurgatory$ExpiredOperationReaper)
[2026-04-18 13:21:10,815] INFO [ExpirationReaper-0-Produce]: Shutting down (kafka.server.DelayedOperationPurgatory$ExpiredOperationReaper)
[2026-04-18 13:21:10,818] INFO [ExpirationReaper-0-Produce]: Stopped (kafka.server.DelayedOperationPurgatory$ExpiredOperationReaper)
[2026-04-18 13:21:10,818] INFO [ExpirationReaper-0-Produce]: Shutdown completed (kafka.server.DelayedOperationPurgatory$ExpiredOperationReaper)
[2026-04-18 13:21:10,820] INFO [ExpirationReaper-0-DeleteRecords]: Shutting down (kafka.server.DelayedOperationPurgatory$ExpiredOperationReaper)
[2026-04-18 13:21:10,822] INFO [ExpirationReaper-0-DeleteRecords]: Stopped (kafka.server.DelayedOperationPurgatory$ExpiredOperationReaper)
[2026-04-18 13:21:10,822] INFO [ExpirationReaper-0-DeleteRecords]: Shutdown completed (kafka.server.DelayedOperationPurgatory$ExpiredOperationReaper)
[2026-04-18 13:21:10,824] INFO [ExpirationReaper-0-ElectLeader]: Shutting down (kafka.server.DelayedOperationPurgatory$ExpiredOperationReaper)
[2026-04-18 13:21:10,827] INFO [ExpirationReaper-0-ElectLeader]: Stopped (kafka.server.DelayedOperationPurgatory$ExpiredOperationReaper)
[2026-04-18 13:21:10,827] INFO [ExpirationReaper-0-ElectLeader]: Shutdown completed (kafka.server.DelayedOperationPurgatory$ExpiredOperationReaper)
[2026-04-18 13:21:10,840] INFO [ReplicaManager broker=0] Shut down completely (kafka.server.ReplicaManager)
[2026-04-18 13:21:10,841] INFO [zk-broker-0-to-controller-alter-partition-channel-manager]: Shutting down (kafka.server.BrokerToControllerRequestThread)
[2026-04-18 13:21:10,842] INFO [zk-broker-0-to-controller-alter-partition-channel-manager]: Stopped (kafka.server.BrokerToControllerRequestThread)
[2026-04-18 13:21:10,842] INFO [zk-broker-0-to-controller-alter-partition-channel-manager]: Shutdown completed (kafka.server.BrokerToControllerRequestThread)
[2026-04-18 13:21:10,849] INFO Broker to controller channel manager for alter-partition shutdown (kafka.server.BrokerToControllerChannelManagerImpl)
[2026-04-18 13:21:10,850] INFO [zk-broker-0-to-controller-forwarding-channel-manager]: Shutting down (kafka.server.BrokerToControllerRequestThread)
[2026-04-18 13:21:10,851] INFO [zk-broker-0-to-controller-forwarding-channel-manager]: Stopped (kafka.server.BrokerToControllerRequestThread)
[2026-04-18 13:21:10,851] INFO [zk-broker-0-to-controller-forwarding-channel-manager]: Shutdown completed (kafka.server.BrokerToControllerRequestThread)
[2026-04-18 13:21:10,853] INFO Broker to controller channel manager for forwarding shutdown (kafka.server.BrokerToControllerChannelManagerImpl)
[2026-04-18 13:21:10,854] INFO Shutting down. (kafka.log.LogManager)
[2026-04-18 13:21:10,863] INFO [kafka-log-cleaner-thread-0]: Shutting down (kafka.log.LogCleaner$CleanerThread)
[2026-04-18 13:21:10,863] INFO [kafka-log-cleaner-thread-0]: Shutdown completed (kafka.log.LogCleaner$CleanerThread)
[2026-04-18 13:21:10,863] INFO [kafka-log-cleaner-thread-0]: Stopped (kafka.log.LogCleaner$CleanerThread)
[2026-04-18 13:21:10,900] INFO [ProducerStateManager partition=bank_topic-0]Wrote producer snapshot at offset 541 with 0 producer ids in 7 ms. (org.apache.kafka.storage.internals.log.ProducerStateManager)
[2026-04-18 13:21:10,943] INFO Shutdown complete. (kafka.log.LogManager)
[2026-04-18 13:21:10,971] INFO [feature-zk-node-event-process-thread]: Shutting down (kafka.server.FinalizedFeatureChangeListener$ChangeNotificationProcessorThread)
[2026-04-18 13:21:10,972] INFO [feature-zk-node-event-process-thread]: Shutdown completed (kafka.server.FinalizedFeatureChangeListener$ChangeNotificationProcessorThread)
[2026-04-18 13:21:10,972] INFO [feature-zk-node-event-process-thread]: Stopped (kafka.server.FinalizedFeatureChangeListener$ChangeNotificationProcessorThread)
[2026-04-18 13:21:10,975] INFO [ZooKeeperClient Kafka server] Closing. (kafka.zookeeper.ZooKeeperClient)
[2026-04-18 13:21:11,597] INFO Opening socket connection to server localhost/127.0.0.1:2181. (org.apache.zookeeper.ClientCnxn)
[2026-04-18 13:21:11,704] INFO Session: 0x100007132a70000 closed (org.apache.zookeeper.ZooKeeper)
[2026-04-18 13:21:11,704] INFO EventThread shut down for session: 0x100007132a70000 (org.apache.zookeeper.ClientCnxn)
[2026-04-18 13:21:11,706] INFO [ZooKeeperClient Kafka server] Closed. (kafka.zookeeper.ZooKeeperClient)
[2026-04-18 13:21:11,707] INFO [ThrottledChannelReaper-Fetch]: Shutting down (kafka.server.ClientQuotaManager$ThrottledChannelReaper)
[2026-04-18 13:21:11,723] INFO [ThrottledChannelReaper-Fetch]: Stopped (kafka.server.ClientQuotaManager$ThrottledChannelReaper)
[2026-04-18 13:21:11,724] INFO [ThrottledChannelReaper-Fetch]: Shutdown completed (kafka.server.ClientQuotaManager$ThrottledChannelReaper)
[2026-04-18 13:21:11,725] INFO [ThrottledChannelReaper-Produce]: Shutting down (kafka.server.ClientQuotaManager$ThrottledChannelReaper)
[2026-04-18 13:21:11,725] INFO [ThrottledChannelReaper-Produce]: Stopped (kafka.server.ClientQuotaManager$ThrottledChannelReaper)
[2026-04-18 13:21:11,725] INFO [ThrottledChannelReaper-Produce]: Shutdown completed (kafka.server.ClientQuotaManager$ThrottledChannelReaper)
[2026-04-18 13:21:11,726] INFO [ThrottledChannelReaper-Request]: Shutting down (kafka.server.ClientQuotaManager$ThrottledChannelReaper)
[2026-04-18 13:21:11,726] INFO [ThrottledChannelReaper-Request]: Stopped (kafka.server.ClientQuotaManager$ThrottledChannelReaper)
[2026-04-18 13:21:11,726] INFO [ThrottledChannelReaper-Request]: Shutdown completed (kafka.server.ClientQuotaManager$ThrottledChannelReaper)
[2026-04-18 13:21:11,727] INFO [ThrottledChannelReaper-ControllerMutation]: Shutting down (kafka.server.ClientQuotaManager$ThrottledChannelReaper)
[2026-04-18 13:21:11,728] INFO [ThrottledChannelReaper-ControllerMutation]: Stopped (kafka.server.ClientQuotaManager$ThrottledChannelReaper)
[2026-04-18 13:21:11,728] INFO [ThrottledChannelReaper-ControllerMutation]: Shutdown completed (kafka.server.ClientQuotaManager$ThrottledChannelReaper)
[2026-04-18 13:21:11,730] INFO [SocketServer listenerType=ZK_BROKER, nodeId=0] Shutting down socket server (kafka.network.SocketServer)
[2026-04-18 13:21:11,768] INFO [SocketServer listenerType=ZK_BROKER, nodeId=0] Shutdown completed (kafka.network.SocketServer)
[2026-04-18 13:21:11,769] INFO Metrics scheduler closed (org.apache.kafka.common.metrics.Metrics)
[2026-04-18 13:21:11,769] INFO Closing reporter org.apache.kafka.common.metrics.JmxReporter (org.apache.kafka.common.metrics.Metrics)
[2026-04-18 13:21:11,769] INFO Metrics reporters closed (org.apache.kafka.common.metrics.Metrics)
[2026-04-18 13:21:11,771] INFO Broker and topic stats closed (kafka.server.BrokerTopicStats)
[2026-04-18 13:21:11,774] INFO App info kafka.server for 0 unregistered (org.apache.kafka.common.utils.AppInfoParser)
[2026-04-18 13:21:11,774] INFO [KafkaServer id=0] shut down completed (kafka.server.KafkaServer)
