[2026-04-18T13:12:11.669+0800][gc,heap] Heap region size: 1M
[2026-04-18T13:12:11.690+0800][gc     ] Using G1
[2026-04-18T13:12:11.690+0800][gc,heap,coops] Heap address: 0x00000000e0000000, size: 512 MB, Compressed Oops mode: 32-bit
[2026-04-18T13:12:11.691+0800][gc,cds       ] Mark closed archive regions in map: [0x00000000fff00000, 0x00000000fff6bff8]
[2026-04-18T13:12:11.691+0800][gc,cds       ] Mark open archive regions in map: [0x00000000ffe00000, 0x00000000ffe47ff8]
[2026-04-18T13:12:14.590+0800][gc,start     ] GC(0) Pause Young (Normal) (G1 Evacuation Pause)
[2026-04-18T13:12:14.593+0800][gc,task      ] GC(0) Using 12 workers of 13 for evacuation
[2026-04-18T13:12:14.605+0800][gc,phases    ] GC(0)   Pre Evacuate Collection Set: 0.1ms
[2026-04-18T13:12:14.605+0800][gc,phases    ] GC(0)   Evacuate Collection Set: 10.1ms
[2026-04-18T13:12:14.605+0800][gc,phases    ] GC(0)   Post Evacuate Collection Set: 0.8ms
[2026-04-18T13:12:14.605+0800][gc,phases    ] GC(0)   Other: 4.1ms
[2026-04-18T13:12:14.605+0800][gc,heap      ] GC(0) Eden regions: 25->0(21)
[2026-04-18T13:12:14.605+0800][gc,heap      ] GC(0) Survivor regions: 0->4(4)
[2026-04-18T13:12:14.605+0800][gc,heap      ] GC(0) Old regions: 2->5
[2026-04-18T13:12:14.605+0800][gc,heap      ] GC(0) Humongous regions: 0->0
[2026-04-18T13:12:14.605+0800][gc,metaspace ] GC(0) Metaspace: 7493K(7936K)->7493K(7936K) NonClass: 6662K(6912K)->6662K(6912K) Class: 831K(1024K)->831K(1024K)
[2026-04-18T13:12:14.605+0800][gc           ] GC(0) Pause Young (Normal) (G1 Evacuation Pause) 25M->7M(512M) 15.304ms
[2026-04-18T13:12:14.605+0800][gc,cpu       ] GC(0) User=0.10s Sys=0.03s Real=0.01s
[2026-04-18T13:21:09.875+0800][gc,heap,exit ] Heap
[2026-04-18T13:21:09.877+0800][gc,heap,exit ]  garbage-first heap   total 524288K, used 20007K [0x00000000e0000000, 0x0000000100000000)
[2026-04-18T13:21:09.877+0800][gc,heap,exit ]   region size 1024K, 17 young (17408K), 4 survivors (4096K)
[2026-04-18T13:21:09.877+0800][gc,heap,exit ]  Metaspace       used 9163K, capacity 9495K, committed 9600K, reserved 1058816K
[2026-04-18T13:21:09.877+0800][gc,heap,exit ]   class space    used 992K, capacity 1151K, committed 1152K, reserved 1048576K
